Archive member included because of file (symbol)

/home/zengchao/share/SillyEcho/lib/libsrc.a(main.o)
                              /home/zengchao/share/opt/FriendlyARM/toolschain/4.4.3/bin/../arm-none-linux-gnueabi//sys-root/usr/lib/crt1.o (main)
/home/zengchao/share/SillyEcho/lib/libsrc.a(tts.o)
                              /home/zengchao/share/SillyEcho/lib/libsrc.a(main.o) (voice_tts_thread)
/home/zengchao/share/SillyEcho/lib/libsrc.a(semantic.o)
                              /home/zengchao/share/SillyEcho/lib/libsrc.a(main.o) (voice_semantic_thread)
/home/zengchao/share/SillyEcho/lib/libsrc.a(logconsole.o)
                              /home/zengchao/share/SillyEcho/lib/libsrc.a(main.o) (log_console_severity_set)
/home/zengchao/share/SillyEcho/lib/libsrc.a(log.o)
                              /home/zengchao/share/SillyEcho/lib/libsrc.a(logconsole.o) (log_sever_array)
/home/zengchao/share/SillyEcho/lib/libsrc.a(logfile.o)
                              /home/zengchao/share/SillyEcho/lib/libsrc.a(main.o) (log_file_severity_set)
/home/zengchao/share/SillyEcho/lib/libsrc.a(libc.o)
                              /home/zengchao/share/SillyEcho/lib/libsrc.a(log.o) (memset)
/home/zengchao/share/SillyEcho/lib/libsrc.a(thread.o)
                              /home/zengchao/share/SillyEcho/lib/libsrc.a(main.o) (sal_thread_create)
/home/zengchao/share/SillyEcho/lib/libsrc.a(sync.o)
                              /home/zengchao/share/SillyEcho/lib/libsrc.a(thread.o) (sal_sem_create)
/home/zengchao/share/SillyEcho/lib/libsrc.a(spl.o)
                              /home/zengchao/share/SillyEcho/lib/libsrc.a(thread.o) (sal_spl)
/home/zengchao/share/SillyEcho/lib/libsrc.a(alloc.o)
                              /home/zengchao/share/SillyEcho/lib/libsrc.a(libc.o) (sal_alloc)
/home/zengchao/share/SillyEcho/lib/libsrc.a(time.o)
                              /home/zengchao/share/SillyEcho/lib/libsrc.a(thread.o) (sal_time_usecs)
/home/zengchao/share/SillyEcho/lib/libsrc.a(webapi.o)
                              /home/zengchao/share/SillyEcho/lib/libsrc.a(main.o) (webapi)
/home/zengchao/share/SillyEcho/lib/libsrc.a(detect.o)
                              /home/zengchao/share/SillyEcho/lib/libsrc.a(main.o) (voice_detect_thread)
/home/zengchao/share/SillyEcho/lib/libsrc.a(record.o)
                              /home/zengchao/share/SillyEcho/lib/libsrc.a(detect.o) (pcm_device_free)
/home/zengchao/share/SillyEcho/lib/libsrc.a(vad.o)
                              /home/zengchao/share/SillyEcho/lib/libsrc.a(detect.o) (webrtc_vad_free)
/home/zengchao/share/SillyEcho/lib/libsrc.a(iflytek_tts.o)
                              /home/zengchao/share/SillyEcho/lib/libsrc.a(webapi.o) (iflytek_tts_api)
/home/zengchao/share/SillyEcho/lib/libsrc.a(iflytek_semantic.o)
                              /home/zengchao/share/SillyEcho/lib/libsrc.a(webapi.o) (iflytek_semantic_api)
/home/zengchao/share/SillyEcho/lib/libsrc.a(webrtc_vad.o)
                              /home/zengchao/share/SillyEcho/lib/libsrc.a(vad.o) (WebRtcVad_Create)
/home/zengchao/share/SillyEcho/lib/libsrc.a(vad_core.o)
                              /home/zengchao/share/SillyEcho/lib/libsrc.a(webrtc_vad.o) (WebRtcVad_InitCore)
/home/zengchao/share/SillyEcho/lib/libsrc.a(division_operations.o)
                              /home/zengchao/share/SillyEcho/lib/libsrc.a(vad_core.o) (WebRtcSpl_DivW32W16)
/home/zengchao/share/SillyEcho/lib/libsrc.a(vad_sp.o)
                              /home/zengchao/share/SillyEcho/lib/libsrc.a(vad_core.o) (WebRtcVad_Downsampling)
/home/zengchao/share/SillyEcho/lib/libsrc.a(spl_init.o)
                              /home/zengchao/share/SillyEcho/lib/libsrc.a(webrtc_vad.o) (WebRtcSpl_Init)
/home/zengchao/share/SillyEcho/lib/libsrc.a(encode.o)
                              /home/zengchao/share/SillyEcho/lib/libsrc.a(iflytek_semantic.o) (b64_encode)
/home/zengchao/share/SillyEcho/lib/libsrc.a(cJSON.o)
                              /home/zengchao/share/SillyEcho/lib/libsrc.a(iflytek_semantic.o) (cJSON_Delete)
/home/zengchao/share/SillyEcho/lib/libsrc.a(http_post.o)
                              /home/zengchao/share/SillyEcho/lib/libsrc.a(iflytek_semantic.o) (http_post_request)
/home/zengchao/share/SillyEcho/lib/libsrc.a(md5sum.o)
                              /home/zengchao/share/SillyEcho/lib/libsrc.a(iflytek_semantic.o) (calculate_md5)
/home/zengchao/share/SillyEcho/lib/libsrc.a(resample_48khz.o)
                              /home/zengchao/share/SillyEcho/lib/libsrc.a(vad_core.o) (WebRtcSpl_Resample48khzTo8khz)
/home/zengchao/share/SillyEcho/lib/libsrc.a(real_fft.o)
                              /home/zengchao/share/SillyEcho/lib/libsrc.a(spl_init.o) (WebRtcSpl_RealForwardFFTC)
/home/zengchao/share/SillyEcho/lib/libsrc.a(vad_filterbank.o)
                              /home/zengchao/share/SillyEcho/lib/libsrc.a(vad_core.o) (WebRtcVad_CalculateFeatures)
/home/zengchao/share/SillyEcho/lib/libsrc.a(resample_by_2_internal.o)
[...]
Memory Configuration

Name             Origin             Length             Attributes
*default*        0x00000000         0xffffffff

Linker script and memory map

LOAD /home/zengchao/share/opt/FriendlyARM/toolschain/4.4.3/bin/../arm-none-linux-gnueabi//sys-root/usr/lib/crt1.o
LOAD /home/zengchao/share/opt/FriendlyARM/toolschain/4.4.3/bin/../arm-none-linux-gnueabi//sys-root/usr/lib/crti.o
LOAD /home/zengchao/share/opt/FriendlyARM/toolschain/4.4.3/bin/../lib/gcc/arm-none-linux-gnueabi/4.4.3/crtbegin.o
LOAD /home/zengchao/share/SillyEcho/lib/libsrc.a
START GROUP
END GROUP
LOAD /home/zengchao/share/SillyEcho/lib/libasound.so
LOAD /home/zengchao/share/SillyEcho/lib/libcurl.a
LOAD /home/zengchao/share/SillyEcho/lib/libmsc.so
LOAD /home/zengchao/share/opt/FriendlyARM/toolschain/4.4.3/bin/../arm-none-linux-gnueabi//sys-root/usr/lib/librt.so
LOAD /home/zengchao/share/opt/FriendlyARM/toolschain/4.4.3/bin/../lib/gcc/arm-none-linux-gnueabi/4.4.3/../../../../arm-none-linux-gnueabi/lib/libz.a
LOAD /home/zengchao/share/opt/FriendlyARM/toolschain/4.4.3/bin/../arm-none-linux-gnueabi//sys-root/usr/lib/libdl.so
LOAD /home/zengchao/share/opt/FriendlyARM/toolschain/4.4.3/bin/../arm-none-linux-gnueabi//sys-root/usr/lib/libpthread.so
START GROUP
LOAD /home/zengchao/share/opt/FriendlyARM/toolschain/4.4.3/bin/../arm-none-linux-gnueabi//sys-root/lib/libpthread.so.0
LOAD /home/zengchao/share/opt/FriendlyARM/toolschain/4.4.3/bin/../arm-none-linux-gnueabi//sys-root/usr/lib/libpthread_nonshared.a
END GROUP
LOAD /home/zengchao/share/opt/FriendlyARM/toolschain/4.4.3/bin/../arm-none-linux-gnueabi//sys-root/usr/lib/libm.so
LOAD /home/zengchao/share/opt/FriendlyARM/toolschain/4.4.3/bin/../arm-none-linux-gnueabi//sys-root/usr/lib/librt.so
LOAD /home/zengchao/share/opt/FriendlyARM/toolschain/4.4.3/bin/../lib/gcc/arm-none-linux-gnueabi/4.4.3/libgcc.a
LOAD /home/zengchao/share/opt/FriendlyARM/toolschain/4.4.3/bin/../lib/gcc/arm-none-linux-gnueabi/4.4.3/../../../../arm-none-linux-gnueabi/lib/libgcc_s.so
START GROUP
LOAD /home/zengchao/share/opt/FriendlyARM/toolschain/4.4.3/bin/../lib/gcc/arm-none-linux-gnueabi/4.4.3/../../../../arm-none-linux-gnueabi/lib/libgcc_s.so.1
LOAD /home/zengchao/share/opt/FriendlyARM/toolschain/4.4.3/bin/../lib/gcc/arm-none-linux-gnueabi/4.4.3/libgcc.a
END GROUP
LOAD /home/zengchao/share/opt/FriendlyARM/toolschain/4.4.3/bin/../arm-none-linux-gnueabi//sys-root/usr/lib/libc.so
START GROUP
LOAD /home/zengchao/share/opt/FriendlyARM/toolschain/4.4.3/bin/../arm-none-linux-gnueabi//sys-root/lib/libc.so.6
LOAD /home/zengchao/share/opt/FriendlyARM/toolschain/4.4.3/bin/../arm-none-linux-gnueabi//sys-root/usr/lib/libc_nonshared.a
LOAD /home/zengchao/share/opt/FriendlyARM/toolschain/4.4.3/bin/../arm-none-linux-gnueabi//sys-root/lib/ld-linux.so.3
END GROUP
LOAD /home/zengchao/share/opt/FriendlyARM/toolschain/4.4.3/bin/../lib/gcc/arm-none-linux-gnueabi/4.4.3/libgcc.a
LOAD /home/zengchao/share/opt/FriendlyARM/toolschain/4.4.3/bin/../lib/gcc/arm-none-linux-gnueabi/4.4.3/../../../../arm-none-linux-gnueabi/lib/libgcc_s.so
START GROUP
LOAD /home/zengchao/share/opt/FriendlyARM/toolschain/4.4.3/bin/../lib/gcc/arm-none-linux-gnueabi/4.4.3/../../../../arm-none-linux-gnueabi/lib/libgcc_s.so.1
LOAD /home/zengchao/share/opt/FriendlyARM/toolschain/4.4.3/bin/../lib/gcc/arm-none-linux-gnueabi/4.4.3/libgcc.a
END GROUP
LOAD /home/zengchao/share/opt/FriendlyARM/toolschain/4.4.3/bin/../lib/gcc/arm-none-linux-gnueabi/4.4.3/crtend.o
LOAD /home/zengchao/share/opt/FriendlyARM/toolschain/4.4.3/bin/../arm-none-linux-gnueabi//sys-root/usr/lib/crtn.o
                0x00008000                PROVIDE (__executable_start, 0x8000)
                0x00008174                . = (0x8000 + SIZEOF_HEADERS)

.interp         0x00008174       0x13
 *(.interp)
 .interp        0x00008174       0x13 /home/zengchao/share/opt/FriendlyARM/toolschain/4.4.3/bin/../arm-none-linux-gnueabi//sys-root/usr/lib/crti.o

.note.ABI-tag   0x00008188       0x20
 .note.ABI-tag  0x00008188       0x20 /home/zengchao/share/opt/FriendlyARM/toolschain/4.4.3/bin/../arm-none-linux-gnueabi//sys-root/usr/lib/crt1.o

.note.gnu.build-id
 *(.note.gnu.build-id)

.hash           0x000081a8      0x4c8
 *(.hash)
 .hash          0x000081a8      0x4c8 /home/zengchao/share/opt/FriendlyARM/toolschain/4.4.3/bin/../arm-none-linux-gnueabi//sys-root/usr/lib/crti.o

.gnu.hash       0x00008670      0x53c
 *(.gnu.hash)
 .gnu.hash      0x00008670      0x53c /home/zengchao/share/opt/FriendlyARM/toolschain/4.4.3/bin/../arm-none-linux-gnueabi//sys-root/usr/lib/crti.o

.dynsym         0x00008bac      0xad0
 *(.dynsym)
 .dynsym        0x00008bac      0xad0 /home/zengchao/share/opt/FriendlyARM/toolschain/4.4.3/bin/../arm-none-linux-gnueabi//sys-root/usr/lib/crti.o

.dynstr         0x0000967c      0x835
 *(.dynstr)
 .dynstr        0x0000967c      0x835 /home/zengchao/share/opt/FriendlyARM/toolschain/4.4.3/bin/../arm-none-linux-gnueabi//sys-root/usr/lib/crti.o

.gnu.version    0x00009eb2      0x15a
 *(.gnu.version)
 .gnu.version   0x00009eb2      0x15a /home/zengchao/share/opt/FriendlyARM/toolschain/4.4.3/bin/../arm-none-linux-gnueabi//sys-root/usr/lib/crti.o

.gnu.version_d  0x0000a00c        0x0
 *(.gnu.version_d)
 .gnu.version_d
                0x00000000        0x0 /home/zengchao/share/opt/FriendlyARM/toolschain/4.4.3/bin/../arm-none-linux-gnueabi//sys-root/usr/lib/crti.o

.gnu.version_r  0x0000a00c       0xb0
 *(.gnu.version_r)
 .gnu.version_r
                0x0000a00c       0xb0 /home/zengchao/share/opt/FriendlyARM/toolschain/4.4.3/bin/../arm-none-linux-gnueabi//sys-root/usr/lib/crti.o

.rel.dyn        0x0000a0bc       0x20
 *(.rel.init)
 *(.rel.text .rel.text.* .rel.gnu.linkonce.t.*)
 *(.rel.fini)
 *(.rel.rodata .rel.rodata.* .rel.gnu.linkonce.r.*)
 *(.rel.data.rel.ro* .rel.gnu.linkonce.d.rel.ro.*)
 *(.rel.data .rel.data.* .rel.gnu.linkonce.d.*)
 *(.rel.tdata .rel.tdata.* .rel.gnu.linkonce.td.*)
 *(.rel.tbss .rel.tbss.* .rel.gnu.linkonce.tb.*)
 *(.rel.ctors)
 *(.rel.dtors)
 *(.rel.got)
 .rel.got       0x0000a0bc        0x8 /home/zengchao/share/opt/FriendlyARM/toolschain/4.4.3/bin/../arm-none-linux-gnueabi//sys-root/usr/lib/crti.o
 *(.rel.bss .rel.bss.* .rel.gnu.linkonce.b.*)
 .rel.bss       0x0000a0c4       0x18 /home/zengchao/share/opt/FriendlyARM/toolschain/4.4.3/bin/../arm-none-linux-gnueabi//sys-root/usr/lib/crti.o
                0x0000a0dc                PROVIDE (__rel_iplt_start, .)
 *(.rel.iplt)
                0x0000a0dc                PROVIDE (__rel_iplt_end, .)
                0x0000a0dc                PROVIDE (__rela_iplt_start, .)
                0x0000a0dc                PROVIDE (__rela_iplt_end, .)

.rela.dyn       0x0000a0dc        0x0
 *(.rela.init)
 *(.rela.text .rela.text.* .rela.gnu.linkonce.t.*)
 *(.rela.fini)
 *(.rela.rodata .rela.rodata.* .rela.gnu.linkonce.r.*)
 *(.rela.data .rela.data.* .rela.gnu.linkonce.d.*)
 *(.rela.tdata .rela.tdata.* .rela.gnu.linkonce.td.*)
 *(.rela.tbss .rela.tbss.* .rela.gnu.linkonce.tb.*)
 *(.rela.ctors)
 *(.rela.dtors)
 *(.rela.got)
 *(.rela.bss .rela.bss.* .rela.gnu.linkonce.b.*)
                0x0000a0dc                PROVIDE (__rel_iplt_start, .)
                0x0000a0dc                PROVIDE (__rel_iplt_end, .)
                0x0000a0dc                PROVIDE (__rela_iplt_start, .)
 *(.rela.iplt)
                0x0000a0dc                PROVIDE (__rela_iplt_end, .)

.rel.plt        0x0000a0dc      0x518
 *(.rel.plt)
 .rel.plt       0x0000a0dc      0x518 /home/zengchao/share/opt/FriendlyARM/toolschain/4.4.3/bin/../arm-none-linux-gnueabi//sys-root/usr/lib/crti.o

.rela.plt
 *(.rela.plt)

.init           0x0000a5f4       0x10
 *(.init)
 .init          0x0000a5f4        0x8 /home/zengchao/share/opt/FriendlyARM/toolschain/4.4.3/bin/../arm-none-linux-gnueabi//sys-root/usr/lib/crti.o
                0x0000a5f4                _init
 .init          0x0000a5fc        0x8 /home/zengchao/share/opt/FriendlyARM/toolschain/4.4.3/bin/../arm-none-linux-gnueabi//sys-root/usr/lib/crtn.o

.plt            0x0000a604      0x7b8
 *(.plt)
 .plt           0x0000a604      0x7b8 /home/zengchao/share/opt/FriendlyARM/toolschain/4.4.3/bin/../arm-none-linux-gnueabi//sys-root/usr/lib/crti.o
                0x0000a618                freeifaddrs@@GLIBC_2.4
                0x0000a624                if_nametoindex@@GLIBC_2.4
                0x0000a630                qsort@@GLIBC_2.4
                0x0000a63c                sigemptyset@@GLIBC_2.4
                0x0000a648                strerror@@GLIBC_2.4
                0x0000a654                fileno@@GLIBC_2.4
                0x0000a660                inet_ntop@@GLIBC_2.4
                0x0000a66c                snd_pcm_hw_params_any@@ALSA_0.9
                0x0000a678                QTTSSessionBegin
                0x0000a684                geteuid@@GLIBC_2.4
                0x0000a690                snd_pcm_close@@ALSA_0.9
                0x0000a69c                abort@@GLIBC_2.4
                0x0000a6a8                connect@@GLIBC_2.4
                0x0000a6b4                getsockname@@GLIBC_2.4
                0x0000a6c0                vprintf@@GLIBC_2.4
                0x0000a6cc                memcmp@@GLIBC_2.4
                0x0000a6d8                getchar@@GLIBC_2.4
                0x0000a6e4                pthread_exit@@GLIBC_2.4
                0x0000a6f0                clock_gettime@@GLIBC_2.4
                0x0000a6fc                __libc_start_main@@GLIBC_2.4
                0x0000a708                __rawmemchr@@GLIBC_2.4
                0x0000a714                pthread_attr_setschedpolicy@@GLIBC_2.4
                0x0000a72c                sched_yield@@GLIBC_2.4
                0x0000a738                QTTSAudioGet
                0x0000a744                pthread_mutexattr_settype@@GLIBC_2.4
                0x0000a750                snd_pcm_prepare@@ALSA_0.9
                0x0000a75c                strncpy@@GLIBC_2.4
                0x0000a768                fclose@@GLIBC_2.4
                0x0000a774                fgets@@GLIBC_2.4
                0x0000a780                recv@@GLIBC_2.4
                0x0000a78c                getenv@@GLIBC_2.4
                0x0000a798                strtod@@GLIBC_2.4
                0x0000a7a4                system@@GLIBC_2.4
                0x0000a7b0                strchr@@GLIBC_2.4
                0x0000a7bc                putchar@@GLIBC_2.4
                0x0000a7c8                sem_getvalue@@GLIBC_2.4
                0x0000a7d4                listen@@GLIBC_2.4
                0x0000a7e0                calloc@@GLIBC_2.4
                0x0000a7ec                pthread_cond_wait@@GLIBC_2.4
                0x0000a7f8                sem_init@@GLIBC_2.4
                0x0000a804                sendto@@GLIBC_2.4
                0x0000a810                fopen@@GLIBC_2.4
                0x0000a81c                sem_destroy@@GLIBC_2.4
                0x0000a828                freeaddrinfo@@GLIBC_2.4
                0x0000a834                strrchr@@GLIBC_2.4
                0x0000a840                snd_pcm_hw_params@@ALSA_0.9
                0x0000a84c                pthread_attr_setschedparam@@GLIBC_2.4
                0x0000a858                perror@@GLIBC_2.4
                0x0000a864                strtoll@@GLIBC_2.4
                0x0000a870                __assert_fail@@GLIBC_2.4
                0x0000a87c                __fxstat64@@GLIBC_2.4
                0x0000a888                usleep@@GLIBC_2.4
                0x0000a894                snd_pcm_open@@ALSA_0.9
                0x0000a8a0                free@@GLIBC_2.4
                0x0000a8ac                read@@GLIBC_2.4
                0x0000a8b8                write@@GLIBC_2.4
                0x0000a8c4                pthread_getspecific@@GLIBC_2.4
                0x0000a8d0                access@@GLIBC_2.4
                0x0000a8dc                inet_pton@@GLIBC_2.4
                0x0000a8e8                gettimeofday@@GLIBC_2.4
                0x0000a8f4                fseek@@GLIBC_2.4
                0x0000a900                accept@@GLIBC_2.4
                0x0000a90c                __strtok_r@@GLIBC_2.4
                0x0000a918                QTTSSessionEnd
                0x0000a924                pthread_mutex_unlock@@GLIBC_2.4
                0x0000a930                __xpg_strerror_r@@GLIBC_2.4
                0x0000a93c                socket@@GLIBC_2.4
                0x0000a948                getaddrinfo@@GLIBC_2.4
                0x0000a954                fflush@@GLIBC_2.4
                0x0000a960                pthread_key_delete@@GLIBC_2.4
                0x0000a96c                pthread_mutex_lock@@GLIBC_2.4
                0x0000a978                strlen@@GLIBC_2.4
                0x0000a984                sscanf@@GLIBC_2.4
                0x0000a990                strtoul@@GLIBC_2.4
                0x0000a99c                pthread_create@@GLIBC_2.4
                0x0000a9a8                mq_open@@GLIBC_2.4
                0x0000a9b4                __xpg_basename@@GLIBC_2.4
                0x0000a9c0                snd_pcm_readi@@ALSA_0.9
                0x0000a9cc                fopen64@@GLIBC_2.4
                0x0000a9d8                pthread_cond_signal@@GLIBC_2.4
                0x0000a9e4                snd_strerror@@ALSA_0.9
                0x0000a9f0                __ctype_tolower_loc@@GLIBC_2.4
                0x0000a9fc                localeconv@@GLIBC_2.4
                0x0000aa08                ftell@@GLIBC_2.4
                0x0000aa14                pthread_attr_setinheritsched@@GLIBC_2.4
                0x0000aa20                strtol@@GLIBC_2.4
                0x0000aa2c                sigaddset@@GLIBC_2.4
                0x0000aa38                strcpy@@GLIBC_2.4
                0x0000aa44                sem_post@@GLIBC_2.4
                0x0000aa50                pthread_mutex_destroy@@GLIBC_2.4
                0x0000aa5c                printf@@GLIBC_2.4
                0x0000aa68                open64@@GLIBC_2.4
                0x0000aa74                raise@@GLIBC_2.4
                0x0000aa80                pthread_mutex_init@@GLIBC_2.4
                0x0000aa8c                bind@@GLIBC_2.4
                0x0000aa98                strstr@@GLIBC_2.4
                0x0000aaa4                pthread_setspecific@@GLIBC_2.4
                0x0000aab0                select@@GLIBC_2.4
                0x0000aabc                close@@GLIBC_2.4
                0x0000aac8                fwrite@@GLIBC_2.4
                0x0000aad4                pthread_attr_setstacksize@@GLIBC_2.4
                0x0000aae0                pthread_mutex_timedlock@@GLIBC_2.4
                0x0000aaec                time@@GLIBC_2.4
                0x0000aaf8                __ctype_b_loc@@GLIBC_2.4
                0x0000ab04                __xstat64@@GLIBC_2.4
                0x0000ab10                fprintf@@GLIBC_2.4
                0x0000ab1c                strdup@@GLIBC_2.4
                0x0000ab28                lseek64@@GLIBC_2.4
                0x0000ab34                malloc@@GLIBC_2.4
                0x0000ab40                sigprocmask@@GLIBC_2.4
                0x0000ab4c                gethostname@@GLIBC_2.4
                0x0000ab58                gmtime_r@@GLIBC_2.4
                0x0000ab64                sem_timedwait@@GLIBC_2.4
                0x0000ab70                pthread_attr_init@@GLIBC_2.4
                0x0000ab7c                poll@@GLIBC_2.4
                0x0000ab88                snd_pcm_hw_params_set_rate_near@@ALSA_0.9.0rc4
                0x0000ab94                fputc@@GLIBC_2.4
                0x0000aba0                snd_pcm_hw_params_set_access@@ALSA_0.9
                0x0000abac                mq_close@@GLIBC_2.4
                0x0000abb8                send@@GLIBC_2.4
                0x0000abc4                strcat@@GLIBC_2.4
                0x0000abd0                memmove@@GLIBC_2.4
                0x0000abdc                getifaddrs@@GLIBC_2.4
                0x0000abe8                snd_pcm_hw_params_malloc@@ALSA_0.9
                0x0000abf4                MSPLogin
                0x0000ac00                snd_pcm_hw_params_set_channels@@ALSA_0.9
                0x0000ac0c                puts@@GLIBC_2.4
                0x0000ac18                mq_unlink@@GLIBC_2.4
                0x0000ac24                prctl@@GLIBC_2.4
                0x0000ac30                fcntl@@GLIBC_2.4
                0x0000ac3c                mq_receive@@GLIBC_2.4
                0x0000ac54                vfprintf@@GLIBC_2.4
                0x0000ac60                fread@@GLIBC_2.4
                0x0000ac6c                strncmp@@GLIBC_2.4
                0x0000ac78                getpeername@@GLIBC_2.4
                0x0000ac84                pthread_detach@@GLIBC_2.4
                0x0000ac90                realloc@@GLIBC_2.4
                0x0000ac9c                pthread_setcancelstate@@GLIBC_2.4
                0x0000aca8                recvfrom@@GLIBC_2.4
                0x0000acb4                getsockopt@@GLIBC_2.4
                0x0000acc0                syscall@@GLIBC_2.4
                0x0000accc                setsockopt@@GLIBC_2.4
                0x0000acd8                pthread_mutexattr_init@@GLIBC_2.4
                0x0000ace4                sem_wait@@GLIBC_2.4
                0x0000acf0                memchr@@GLIBC_2.4
                0x0000acfc                tolower@@GLIBC_2.4
                0x0000ad08                snd_pcm_hw_params_free@@ALSA_0.9
                0x0000ad14                strcmp@@GLIBC_2.4
                0x0000ad20                getpwuid_r@@GLIBC_2.4
                0x0000ad2c                pthread_setcanceltype@@GLIBC_2.4
                0x0000ad38                __errno_location@@GLIBC_2.4
                0x0000ad44                pthread_self@@GLIBC_2.4
                0x0000ad50                pthread_cancel@@GLIBC_2.4
                0x0000ad5c                snd_pcm_hw_params_set_format@@ALSA_0.9
                0x0000ad68                sprintf@@GLIBC_2.4
                0x0000ad74                pthread_join@@GLIBC_2.4
                0x0000ad80                QTTSTextPut
                0x0000ad8c                pthread_key_create@@GLIBC_2.4
                0x0000ad98                MSPLogout
                0x0000ada4                mq_send@@GLIBC_2.4
                0x0000adb0                pthread_once@@GLIBC_2.4

.iplt
 *(.iplt)

.text           0x0000adc0    0x5b77c
 *(.text.unlikely .text.*_unlikely)
 *(.text .stub .text.* .gnu.linkonce.t.*)
 .text          0x0000adc0       0x38 /home/zengchao/share/opt/FriendlyARM/toolschain/4.4.3/bin/../arm-none-linux-gnueabi//sys-root/usr/lib/crt1.o
                0x0000adc0                _start
 .text          0x0000adf8       0x2c /home/zengchao/share/opt/FriendlyARM/toolschain/4.4.3/bin/../arm-none-linux-gnueabi//sys-root/usr/lib/crti.o
 .text          0x0000ae24       0x50 /home/zengchao/share/opt/FriendlyARM/toolschain/4.4.3/bin/../lib/gcc/arm-none-linux-gnueabi/4.4.3/crtbegin.o
 .text          0x0000ae74      0x4b8 /home/zengchao/share/SillyEcho/lib/libsrc.a(main.o)
                0x0000b0b8                main
 .text          0x0000b32c      0x49c /home/zengchao/share/SillyEcho/lib/libsrc.a(tts.o)
                0x0000b570                voice_tts_thread
 .text          0x0000b7c8      0x6a8 /home/zengchao/share/SillyEcho/lib/libsrc.a(semantic.o)
                0x0000ba0c                get_audio_file
                0x0000bb68                voice_semantic_thread
 .text          0x0000be70      0x1e8 /home/zengchao/share/SillyEcho/lib/libsrc.a(logconsole.o)
                0x0000be70                log_console_printf
                0x0000bf78                log_console_severity_set
                0x0000bfd4                log_console_init
 .text          0x0000c058      0x4f4 /home/zengchao/share/SillyEcho/lib/libsrc.a(log.o)
                0x0000c0c4                bslsink_out
                0x0000c150                bsl_meta_t_init
                0x0000c1b8                log_out_hook
                0x0000c250                bsl_vprintf
                0x0000c444                bsl_printf
                0x0000c488                bslsink_init
                0x0000c4b4                bslsink_sink_t_init
                0x0000c4e0                bslsink_sink_add
                0x0000c524                log_init
 .text          0x0000c54c      0x218 /home/zengchao/share/SillyEcho/lib/libsrc.a(logfile.o)
                0x0000c54c                log_file_vfprintf
                0x0000c684                log_file_severity_set
                0x0000c6e0                log_file_init
 .text          0x0000c764     0x1d4c /home/zengchao/share/SillyEcho/lib/libsrc.a(libc.o)
                0x0000c764                sal_strlen
                0x0000c7b8                sal_strcpy
                0x0000c830                sal_strncpy
                0x0000c8d4                sal_strcmp
                0x0000c974                memcpy
                0x0000ca04                memset
                0x0000ca80                sal_memcmp
                0x0000cb40                sal_strdup
                0x0000cbac                sal_strndup
                0x0000cc38                sal_strtok_r
                0x0000cda4                sal_ctoi
                0x0000cfbc                sal_ltoa
                0x0000d0f0                sal_itoa
                0x0000d134                sal_ftoa
                0x0000d4b4                sal_vsnprintf
                0x0000e224                sal_vsprintf
                0x0000e264                sal_snprintf
                0x0000e2b8                sal_sprintf
                0x0000e308                sal_free_safe
                0x0000e338                sal_ceil_func
                0x0000e3b0                sal_floor_func
                0x0000e400                sal_rand
                0x0000e484                sal_srand
 .text          0x0000e4b0      0xe30 /home/zengchao/share/SillyEcho/lib/libsrc.a(thread.o)
                0x0000e5ac                sal_thread_create
                0x0000e840                sal_thread_destroy
                0x0000e944                sal_thread_self
                0x0000e964                sal_thread_id_get
                0x0000e988                sal_thread_name
                0x0000ea6c                sal_thread_exit
                0x0000eb50                sal_thread_yield
                0x0000eb6c                sal_thread_main_set
                0x0000eb98                sal_thread_main_get
                0x0000ebbc                sal_sleep
                0x0000ec04                sal_usleep
                0x0000ed18                sal_udelay
                0x0000f068                sal_tls_key_create
                0x0000f184                sal_tls_key_set
                0x0000f204                sal_tls_key_get
                0x0000f268                sal_tls_key_delete
 .text          0x0000f2e0      0xbe4 /home/zengchao/share/SillyEcho/lib/libsrc.a(sync.o)
                0x0000f738                sal_mutex_create
                0x0000f764                sal_mutex_destroy
                0x0000f844                sal_mutex_take
                0x0000f9e0                sal_mutex_give
                0x0000fb0c                sal_sem_create
                0x0000fba4                sal_sem_destroy
                0x0000fc0c                sal_sem_take
                0x0000fd50                sal_sem_give
                0x0000fe04                sal_spinlock_create
                0x0000fe30                sal_spinlock_destroy
                0x0000fe60                sal_spinlock_lock
                0x0000fe94                sal_spinlock_unlock
 .text          0x0000fec4      0x174 /home/zengchao/share/SillyEcho/lib/libsrc.a(spl.o)
                0x0000fec4                sal_spl_init
                0x0000ff24                sal_spl
                0x0000ffa0                sal_splhi
                0x0000ffe4                sal_int_context
                0x0001001c                sal_no_sleep
 .text          0x00010038      0x548 /home/zengchao/share/SillyEcho/lib/libsrc.a(alloc.o)
                0x00010038                sal_get_alloc_counters
                0x00010080                sal_alloc
                0x00010188                sal_free
                0x00010320                sal_dma_alloc
                0x000103d0                sal_dma_free
                0x000104d4                sal_dma_flush
                0x000104f4                sal_dma_inval
                0x00010514                sal_dma_vtop
                0x00010538                sal_dma_ptov
                0x0001055c                sal_memory_check
 .text          0x00010580      0x180 /home/zengchao/share/SillyEcho/lib/libsrc.a(time.o)
                0x00010580                sal_time_double
                0x00010618                sal_time_usecs
                0x000106dc                sal_time
 .text          0x00010700      0x28c /home/zengchao/share/SillyEcho/lib/libsrc.a(webapi.o)
                0x00010944                web_api_config
 .text          0x0001098c      0x86c /home/zengchao/share/SillyEcho/lib/libsrc.a(detect.o)
                0x0001098c                stereo_to_mono
                0x00010aa8                inject_silent_area
                0x00010b50                voice_detect_thread
 .text          0x000111f8      0x48c /home/zengchao/share/SillyEcho/lib/libsrc.a(record.o)
                0x000111f8                pcm_hw_params_configs
                0x000112c0                pcm_device_free
                0x000112e8                pcm_device_init
 .text          0x00011684      0x240 /home/zengchao/share/SillyEcho/lib/libsrc.a(vad.o)
                0x00011684                webrtc_vad_free
                0x000116a8                webrtc_vad_init
                0x00011758                webrtc_vad_process
 .text          0x000118c4      0x4e4 /home/zengchao/share/SillyEcho/lib/libsrc.a(iflytek_tts.o)
                0x000118c4                text_to_speech
                0x00011c24                iflytek_tts_api
 .text          0x00011da8      0xbd8 /home/zengchao/share/SillyEcho/lib/libsrc.a(iflytek_semantic.o)
                0x00011fec                iflytek_get_semantic_param
                0x0001212c                iflytek_get_semantic_checksum
                0x00012264                iflytek_headers_generator
                0x00012470                iflytek_semantic_process
                0x00012708                iflytek_semantic_api
 .text          0x00012980      0x3d4 /home/zengchao/share/SillyEcho/lib/libsrc.a(webrtc_vad.o)
                0x00012980                WebRtcVad_Create
                0x00012a0c                WebRtcVad_Free
                0x00012a4c                WebRtcVad_Init
                0x00012a7c                WebRtcVad_set_mode
                0x00012af0                WebRtcVad_Process
                0x00012c54                WebRtcVad_ValidRateAndFrameLength
 .text          0x00012d54     0x1dc8 /home/zengchao/share/SillyEcho/lib/libsrc.a(vad_core.o)
                0x0001432c                WebRtcVad_InitCore
                0x00014618                WebRtcVad_set_mode_core
                0x00014860                WebRtcVad_CalcVad48khz
                0x00014968                WebRtcVad_CalcVad32khz
                0x00014a1c                WebRtcVad_CalcVad16khz
                0x00014a90                WebRtcVad_CalcVad8khz
 .text          0x00014b1c      0x39c /home/zengchao/share/SillyEcho/lib/libsrc.a(division_operations.o)
                0x00014b1c                WebRtcSpl_DivU32U16
                0x00014b6c                WebRtcSpl_DivW32W16
                0x00014bbc                WebRtcSpl_DivW32W16ResW16
                0x00014c20                WebRtcSpl_DivResultInQ31
                0x00014d5c                WebRtcSpl_DivW32HiLow
 .text          0x00014eb8      0x8d8 /home/zengchao/share/SillyEcho/lib/libsrc.a(vad_sp.o)
                0x00014eb8                WebRtcVad_Downsampling
                0x000150c4                WebRtcVad_FindMinimum
 .text          0x00015790      0x154 /home/zengchao/share/SillyEcho/lib/libsrc.a(spl_init.o)
                0x000158c4                WebRtcSpl_Init
 .text          0x000158e4      0x3a8 /home/zengchao/share/SillyEcho/lib/libsrc.a(encode.o)
                0x000158e4                b64_encode
 *fill*         0x00015c8c        0x4 00000000
 .text          0x00015c90     0x58a0 /home/zengchao/share/SillyEcho/lib/libsrc.a(cJSON.o)
                0x00015c90                cJSON_GetErrorPtr
                0x00015cc0                cJSON_Version
                0x00015e98                cJSON_InitHooks
                0x00015fec                cJSON_Delete
                0x000164d8                cJSON_SetNumberHelper
                0x00017a18                cJSON_ParseWithOpts
                0x00017c3c                cJSON_Parse
                0x00017e5c                cJSON_Print
                0x00017e94                cJSON_PrintUnformatted
                0x00017ecc                cJSON_PrintBuffered
                0x00017ff8                cJSON_PrintPreallocated
                0x000193fc                cJSON_GetArraySize
                0x000194fc                cJSON_GetArrayItem
                0x0001962c                cJSON_GetObjectItem
                0x00019664                cJSON_GetObjectItemCaseSensitive
                0x0001969c                cJSON_HasObjectItem
                0x000197c8                cJSON_AddItemToArray
                0x00019870                cJSON_AddItemToObject
                0x000198e0                cJSON_AddItemToObjectCS
                0x0001999c                cJSON_AddItemReferenceToArray
                0x000199f0                cJSON_AddItemReferenceToObject
                0x00019a60                cJSON_DetachItemViaPointer
                0x00019b2c                cJSON_DetachItemFromArray
                0x00019b88                cJSON_DeleteItemFromArray
                0x00019bc0                cJSON_DetachItemFromObject
                0x00019c08                cJSON_DetachItemFromObjectCaseSensitive
                0x00019c50                cJSON_DeleteItemFromObject
                0x00019c88                cJSON_DeleteItemFromObjectCaseSensitive
                0x00019cc0                cJSON_InsertItemInArray
                0x00019d90                cJSON_ReplaceItemViaPointer
                0x00019ea0                cJSON_ReplaceItemInArray
                0x00019fd4                cJSON_ReplaceItemInObject
                0x0001a00c                cJSON_ReplaceItemInObjectCaseSensitive
                0x0001a044                cJSON_CreateNull
                0x0001a090                cJSON_CreateTrue
                0x0001a0dc                cJSON_CreateFalse
                0x0001a128                cJSON_CreateBool
                0x0001a18c                cJSON_CreateNumber
                0x0001a2b4                cJSON_CreateString
                0x0001a33c                cJSON_CreateRaw
                0x0001a3c4                cJSON_CreateArray
                0x0001a410                cJSON_CreateObject
                0x0001a45c                cJSON_CreateIntArray
                0x0001a588                cJSON_CreateFloatArray
                0x0001a6b4                cJSON_CreateDoubleArray
                0x0001a7d0                cJSON_CreateStringArray
                0x0001a8e8                cJSON_Duplicate
                0x0001ab18                cJSON_Minify
                0x0001add8                cJSON_IsInvalid
                0x0001ae24                cJSON_IsFalse
                0x0001ae70                cJSON_IsTrue
                0x0001aebc                cJSON_IsBool
                0x0001af08                cJSON_IsNull
                0x0001af54                cJSON_IsNumber
                0x0001afa0                cJSON_IsString
                0x0001afec                cJSON_IsArray
                0x0001b038                cJSON_IsObject
                0x0001b084                cJSON_IsRaw
                0x0001b0d0                cJSON_Compare
                0x0001b4c0                cJSON_malloc
                0x0001b4fc                cJSON_free
 .text          0x0001b530      0x4dc /home/zengchao/share/SillyEcho/lib/libsrc.a(http_post.o)
                0x0001b774                call_back_request
                0x0001b8ac                http_post_request
 .text          0x0001ba0c     0x1d00 /home/zengchao/share/SillyEcho/lib/libsrc.a(md5sum.o)
                0x0001d650                calculate_md5
 .text          0x0001d70c      0x4bc /home/zengchao/share/SillyEcho/lib/libsrc.a(resample_48khz.o)
                0x0001d70c                WebRtcSpl_Resample48khzTo16khz
                0x0001d7bc                WebRtcSpl_ResetResample48khzTo16khz
                0x0001d81c                WebRtcSpl_Resample16khzTo48khz
                0x0001d8cc                WebRtcSpl_ResetResample16khzTo48khz
                0x0001d92c                WebRtcSpl_Resample48khzTo8khz
                0x0001da00                WebRtcSpl_ResetResample48khzTo8khz
                0x0001da78                WebRtcSpl_Resample8khzTo48khz
                0x0001db50                WebRtcSpl_ResetResample8khzTo48khz
 .text          0x0001dbc8      0x184 /home/zengchao/share/SillyEcho/lib/libsrc.a(real_fft.o)
                0x0001dbc8                WebRtcSpl_CreateRealFFT
                0x0001dc30                WebRtcSpl_FreeRealFFT
                0x0001dc54                WebRtcSpl_RealForwardFFTC
                0x0001dcd0                WebRtcSpl_RealInverseFFTC
 .text          0x0001dd4c      0xc00 /home/zengchao/share/SillyEcho/lib/libsrc.a(vad_filterbank.o)
                0x0001e524                WebRtcVad_CalculateFeatures
 .text          0x0001e94c     0x24d0 /home/zengchao/share/SillyEcho/lib/libsrc.a(resample_by_2_internal.o)
                0x0001e94c                WebRtcSpl_DownBy2IntToShort
                0x0001ee74                WebRtcSpl_DownBy2ShortToInt
                0x0001f27c                WebRtcSpl_UpBy2ShortToInt
                0x0001f654                WebRtcSpl_UpBy2IntToInt
                0x0001fa04                WebRtcSpl_UpBy2IntToShort
                0x0001fe3c                WebRtcSpl_LPBy2ShortToInt
                0x0002064c                WebRtcSpl_LPBy2IntToInt
 .text          0x00020e1c      0x6f8 /home/zengchao/share/SillyEcho/lib/libsrc.a(vector_scaling_operations.o)
                0x00020e84                WebRtcSpl_VectorBitShiftW16
                0x00020f88                WebRtcSpl_VectorBitShiftW32
                0x0002106c                WebRtcSpl_VectorBitShiftW32ToW16
                0x00021190                WebRtcSpl_ScaleVector
                0x00021238                WebRtcSpl_ScaleVectorWithSat
                0x000212f0                WebRtcSpl_ScaleAndAddVectors
                0x000213e4                WebRtcSpl_ScaleAndAddVectorsWithRoundC
 .text          0x00021514      0xc8c /home/zengchao/share/SillyEcho/lib/libsrc.a(complex_fft.o)
                0x00021514                WebRtcSpl_ComplexFFT
                0x00021af4                WebRtcSpl_ComplexIFFT
 .text          0x000221a0      0x1e0 /home/zengchao/share/SillyEcho/lib/libsrc.a(downsample_fast.o)
                0x00022208                WebRtcSpl_DownsampleFastC
 .text          0x00022380      0x1a4 /home/zengchao/share/SillyEcho/lib/libsrc.a(vad_gmm.o)
                0x00022380                WebRtcVad_GaussianProbability
 .text          0x00022524       0xd4 /home/zengchao/share/SillyEcho/lib/libsrc.a(energy.o)
                0x00022524                WebRtcSpl_Energy
 .text          0x000225f8      0xdd0 /home/zengchao/share/SillyEcho/lib/libsrc.a(resample_fractional.o)
                0x000225f8                WebRtcSpl_Resample48khzTo32khz
                0x00022948                WebRtcSpl_Resample32khzTo24khz
                0x00023114                WebRtcSpl_Resample44khzTo32khz
 .text          0x000233c8      0x8d4 /home/zengchao/share/SillyEcho/lib/libsrc.a(min_max_operations.o)
                0x000233c8                WebRtcSpl_MaxAbsValueW16C
                0x000234c0                WebRtcSpl_MaxAbsValueW32C
                0x00023594                WebRtcSpl_MaxValueW16C
                0x0002365c                WebRtcSpl_MaxValueW32C
                0x00023714                WebRtcSpl_MinValueW16C
                0x000237dc                WebRtcSpl_MinValueW32C
                0x00023894                WebRtcSpl_MaxAbsIndexW16
                0x0002396c                WebRtcSpl_MaxIndexW16
                0x00023a3c                WebRtcSpl_MaxIndexW32
                0x00023b04                WebRtcSpl_MinIndexW16
                0x00023bd4                WebRtcSpl_MinIndexW32
 .text          0x00023c9c      0x108 /home/zengchao/share/SillyEcho/lib/libsrc.a(cross_correlation.o)
                0x00023c9c                WebRtcSpl_CrossCorrelationC
 .text          0x00023da4      0x294 /home/zengchao/share/SillyEcho/lib/libsrc.a(complex_bit_reverse.o)
                0x00023da4                WebRtcSpl_ComplexBitReverse
 .text          0x00024038      0x368 /home/zengchao/share/SillyEcho/lib/libsrc.a(get_scaling_square.o)
                0x00024258                WebRtcSpl_GetScalingSquare
 .text          0x000243a0      0x9f0 /home/zengchao/share/SillyEcho/lib/libcurl.a(libcurl_la-easy.o)
                0x0002440c                curl_easy_send
                0x00024494                curl_easy_recv
                0x000244f4                curl_easy_pause
                0x00024640                curl_easy_reset
                0x0002472c                curl_easy_duphandle
                0x000249e4                curl_easy_getinfo
                0x00024a14                curl_easy_cleanup
                0x00024a28                curl_global_cleanup
                0x00024b18                curl_global_init_mem
                0x00024b98                curl_global_init
                0x00024ba0                curl_easy_init
                0x00024bf4                curl_easy_perform
 .text          0x00024d90     0x1628 /home/zengchao/share/SillyEcho/lib/libcurl.a(libcurl_la-connect.o)
                0x00024da8                Curl_conncontrol
                0x00024df0                Curl_conn_data_pending
                0x00024e38                Curl_persistconninfo
                0x00024ed4                Curl_socket
                0x00024fa4                Curl_closesocket
                0x00025024                Curl_connalive
                0x00025070                Curl_getconnectinfo
                0x000251c8                Curl_tcpnodelay
                0x00025bd0                Curl_timeleft
                0x00025ce0                Curl_connecthost
                0x00025e4c                Curl_updateconninfo
                0x00025ff4                Curl_is_connected
 .text          0x000263b8     0x3510 /home/zengchao/share/SillyEcho/lib/libcurl.a(libcurl_la-multi.o)
                0x00026458                Curl_pipeline_wanted
                0x00026474                Curl_multi_handlePipeBreak
                0x00026480                Curl_multi_connchanged
                0x0002648c                Curl_multi_max_host_connections
                0x00026498                Curl_multi_max_total_connections
                0x000264a4                Curl_multi_content_length_penalty_size
                0x000264cc                Curl_multi_chunk_length_penalty_size
                0x000264f4                Curl_multi_pipelining_site_bl
                0x000264fc                Curl_multi_pipelining_server_bl
                0x00026504                Curl_expire_done
                0x00026584                curl_multi_assign
                0x000265ac                Curl_expire_clear
                0x00026740                Curl_expire
                0x00026994                Curl_multi_process_pending_handles
                0x00026ab0                curl_multi_timeout
                0x00026e64                Curl_multi_closed
                0x00026ee4                curl_multi_setopt
                0x00027114                curl_multi_info_read
                0x00027190                curl_multi_cleanup
                0x000272b4                curl_multi_add_handle
                0x0002744c                Curl_multi_add_perform
                0x00027498                Curl_multi_handle
                0x000275d0                curl_multi_init
                0x0002771c                curl_multi_wait
                0x000291d8                curl_multi_perform
                0x000294bc                curl_multi_socket_all
                0x00029500                curl_multi_socket_action
                0x00029548                curl_multi_socket
                0x00029590                curl_multi_remove_handle
                0x00029794                curl_multi_fdset
 .text          0x000298c8      0x128 /home/zengchao/share/SillyEcho/lib/libcurl.a(libcurl_la-strerror.o)
                0x000298c8                curl_easy_strerror
                0x000298e4                curl_multi_strerror
                0x00029908                curl_share_strerror
                0x00029928                Curl_strerror
 .text          0x000299f0       0xf4 /home/zengchao/share/SillyEcho/lib/libcurl.a(libcurl_la-hostasyn.o)
                0x000299f0                Curl_getaddrinfo
                0x00029a00                Curl_async_resolved
                0x00029a3c                Curl_addrinfo_callback
 .text          0x00029ae4       0x80 /home/zengchao/share/SillyEcho/lib/libcurl.a(libcurl_la-hostip6.o)
                0x00029ae4                Curl_ipv6works
                0x00029b4c                Curl_ipvalid
 .text          0x00029b64      0x434 /home/zengchao/share/SillyEcho/lib/libcurl.a(libcurl_la-select.o)
                0x00029b64                Curl_wait_ms
                0x00029c24                Curl_poll
                0x00029d98                Curl_socket_check
 .text          0x00029f98      0x404 /home/zengchao/share/SillyEcho/lib/libcurl.a(libcurl_la-splay.o)
                0x00029f98                Curl_splay
                0x0002a0e4                Curl_splayinsert
                0x0002a1d4                Curl_splaygetbest
                0x0002a294                Curl_splayremovebyaddr
 .text          0x0002a39c       0x9c /home/zengchao/share/SillyEcho/lib/libcurl.a(libcurl_la-strdup.o)
                0x0002a39c                Curl_saferealloc
                0x0002a3f8                Curl_memdup
 .text          0x0002a438      0x710 /home/zengchao/share/SillyEcho/lib/libcurl.a(libcurl_la-curl_addrinfo.o)
                0x0002a438                Curl_freeaddrinfo
                0x0002a490                Curl_unix2addr
                0x0002a5ac                Curl_he2ai
                0x0002a780                Curl_ip2addr
                0x0002a8d0                Curl_str2addr
                0x0002a954                Curl_getaddrinfo_ex
 .text          0x0002ab48      0x174 /home/zengchao/share/SillyEcho/lib/libcurl.a(libcurl_la-slist.o)
                0x0002ab48                Curl_slist_append_nodup
                0x0002abb0                curl_slist_append
                0x0002ac18                curl_slist_free_all
                0x0002ac64                Curl_slist_duplicate
 .text          0x0002acbc       0x50 /home/zengchao/share/SillyEcho/lib/libcurl.a(libcurl_la-nonblock.o)
                0x0002acbc                curlx_nonblock
 .text          0x0002ad0c       0x80 /home/zengchao/share/SillyEcho/lib/libcurl.a(libcurl_la-warnless.o)
                0x0002ad0c                curlx_ultous
                0x0002ad18                curlx_ultouc
                0x0002ad20                curlx_ultosi
                0x0002ad28                curlx_uztoso
                0x0002ad30                curlx_uztosi
                0x0002ad38                curlx_uztoul
                0x0002ad3c                curlx_uztoui
                0x0002ad40                curlx_sltosi
                0x0002ad48                curlx_sltoui
                0x0002ad4c                curlx_sltous
                0x0002ad58                curlx_uztosz
                0x0002ad60                curlx_sotouz
                0x0002ad64                curlx_sztosi
                0x0002ad6c                curlx_uitous
                0x0002ad78                curlx_uitouc
                0x0002ad80                curlx_uitosi
                0x0002ad88                curlx_sitouz
 .text          0x0002ad8c      0xe84 /home/zengchao/share/SillyEcho/lib/libcurl.a(libcurl_la-http_proxy.o)
                0x0002ad8c                Curl_connect_complete
                0x0002adb8                Curl_connect_ongoing
                0x0002addc                Curl_connect_free
                0x0002aebc                Curl_proxyCONNECT
                0x0002bb10                Curl_proxy_connect
 .text          0x0002bc10      0x76c /home/zengchao/share/SillyEcho/lib/libcurl.a(libcurl_la-asyn-thread.o)
                0x0002bc10                Curl_resolver_global_init
                0x0002bc18                Curl_resolver_global_cleanup
                0x0002bc1c                Curl_resolver_init
                0x0002bc24                Curl_resolver_cleanup
                0x0002bc28                Curl_resolver_duphandle
                0x0002bc30                Curl_resolver_getsock
                0x0002bc38                Curl_set_dns_servers
                0x0002bc40                Curl_set_dns_interface
                0x0002bc48                Curl_set_dns_local_ip4
                0x0002bc50                Curl_set_dns_local_ip6
                0x0002be18                Curl_resolver_getaddrinfo
                0x0002c134                Curl_resolver_cancel
                0x0002c13c                Curl_resolver_is_resolved
                0x0002c284                Curl_resolver_wait_resolv
 .text          0x0002c37c      0x964 /home/zengchao/share/SillyEcho/lib/libcurl.a(libcurl_la-conncache.o)
                0x0002c388                Curl_conncache_find_first_connection
                0x0002c3d8                Curl_conncache_close_all_connections
                0x0002c448                Curl_conncache_foreach
                0x0002c52c                Curl_conncache_bundle_size
                0x0002c584                Curl_conncache_size
                0x0002c5d8                Curl_conncache_unlock
                0x0002c664                Curl_conncache_extract_oldest
                0x0002c78c                Curl_conncache_extract_bundle
                0x0002c83c                Curl_conncache_return_conn
                0x0002c8f4                Curl_conncache_remove_conn
                0x0002ca4c                Curl_conncache_find_bundle
                0x0002caf4                Curl_conncache_add_conn
                0x0002cc4c                Curl_conncache_destroy
                0x0002cc60                Curl_conncache_init
 .text          0x0002cce0      0x5fc /home/zengchao/share/SillyEcho/lib/libcurl.a(libcurl_la-pipeline.o)
                0x0002cd28                Curl_recvpipe_head
                0x0002cd58                Curl_sendpipe_head
                0x0002cd88                Curl_pipeline_checkget_write
                0x0002cdcc                Curl_pipeline_checkget_read
                0x0002ce10                Curl_pipeline_leave_write
                0x0002ce1c                Curl_pipeline_leave_read
                0x0002ce28                Curl_pipeline_set_server_blacklist
                0x0002cee8                Curl_pipeline_server_blacklisted
                0x0002cf70                Curl_pipeline_set_site_blacklist
                0x0002d068                Curl_pipeline_site_blacklisted
                0x0002d0f4                Curl_move_handle_from_send_to_recv_pipe
                0x0002d15c                Curl_add_handle_to_pipeline
                0x0002d1ac                Curl_pipeline_penalized
 .text          0x0002d2dc     0x234c /home/zengchao/share/SillyEcho/lib/libcurl.a(libcurl_la-mime.o)
                0x0002d92c                curl_mime_name
                0x0002d99c                curl_mime_filename
                0x0002da0c                curl_mime_type
                0x0002da7c                curl_mime_data_cb
                0x0002dae0                Curl_mime_rewind
                0x0002dafc                curl_mime_headers
                0x0002db68                curl_mime_encoder
                0x0002dd18                Curl_mime_add_header
                0x0002dd90                Curl_mime_prepare_headers
                0x0002e328                curl_mime_data
                0x0002e850                Curl_mime_read
                0x0002ea04                Curl_mime_set_subparts
                0x0002eb30                curl_mime_subparts
                0x0002edd4                curl_mime_filedata
                0x0002f068                Curl_mime_initpart
                0x0002f08c                curl_mime_addpart
                0x0002f0e8                Curl_mime_cleanpart
                0x0002f164                curl_mime_free
                0x0002f20c                curl_mime_init
                0x0002f2c0                Curl_mime_duppart
                0x0002f4f0                Curl_mime_size
 .text          0x0002f628     0x2728 /home/zengchao/share/SillyEcho/lib/libcurl.a(libcurl_la-setopt.o)
                0x0002f628                Curl_setstropt
                0x0002f7a8                Curl_vsetopt
                0x00031d14                curl_easy_setopt
 .text          0x00031d50      0x160 /home/zengchao/share/SillyEcho/lib/libcurl.a(libcurl_la-timeval.o)
                0x00031d50                Curl_timediff
                0x00031dd4                Curl_timediff_us
                0x00031e44                Curl_now
 .text          0x00031eb0      0xa08 /home/zengchao/share/SillyEcho/lib/libcurl.a(libcurl_la-hostip.o)
                0x00031eb0                Curl_num_addresses
                0x00031f44                Curl_resolv_unlock
                0x00031ff8                Curl_hostcache_clean
                0x0003204c                Curl_mk_dnscache
                0x00032084                Curl_global_host_cache_init
                0x000321b8                Curl_fetch_addr
                0x00032224                Curl_cache_addr
                0x00032328                Curl_loadhostpairs
                0x000325f4                Curl_resolv
                0x00032780                Curl_resolv_timeout
                0x000327ac                Curl_hostcache_prune
                0x00032830                Curl_printable_address
                0x00032888                Curl_global_host_cache_dtor
 .text          0x000328b8     0x1170 /home/zengchao/share/SillyEcho/lib/libcurl.a(libcurl_la-progress.o)
                0x000328b8                Curl_pgrsResetTransferSizes
                0x000328e8                Curl_pgrsSetDownloadSize
                0x00032928                Curl_pgrsSetUploadSize
                0x00032968                Curl_pgrsStartNow
                0x000329c0                Curl_pgrsTime
                0x00032af0                Curl_pgrsLimitWaitTime
                0x00032b98                Curl_pgrsSetUploadCounter
                0x00032c38                Curl_pgrsSetDownloadCounter
                0x00033080                Curl_pgrsUpdate
                0x000339cc                Curl_pgrsDone
 .text          0x00033a28     0x1e30 /home/zengchao/share/SillyEcho/lib/libcurl.a(libcurl_la-cookie.o)
                0x00033b18                Curl_cookie_freelist
                0x00033b3c                Curl_cookie_clearall
                0x00033b64                Curl_cookie_clearsess
                0x00033bd8                Curl_cookie_cleanup
                0x00033dac                Curl_cookie_list
                0x00033fd4                Curl_cookie_getlist
                0x00034580                Curl_cookie_add
                0x00035380                Curl_cookie_init
                0x00035608                Curl_cookie_loadfiles
                0x0003568c                Curl_flush_cookies
 .text          0x00035858     0x4a10 /home/zengchao/share/SillyEcho/lib/libcurl.a(libcurl_la-http.o)
                0x00035858                Curl_add_buffer_init
                0x00035880                Curl_add_buffer_free
                0x00035b88                Curl_copy_header_value
                0x00035dec                Curl_http_auth_act
                0x000361a8                Curl_http_done
                0x000362c8                Curl_http_connect
                0x0003634c                Curl_compareheader
                0x0003644c                Curl_checkProxyheaders
                0x000364c8                Curl_add_buffer
                0x000365e8                Curl_add_timecondition
                0x00036718                Curl_add_bufferf
                0x00036880                Curl_add_custom_headers
                0x00036bc4                Curl_add_buffer_send
                0x00036dcc                Curl_http_input_auth
                0x00036f6c                Curl_http_readwrite_headers
                0x00038404                Curl_http_output_auth
                0x00038588                Curl_http
                0x0003a218                Curl_http_setup_conn
 .text          0x0003a268      0xbd4 /home/zengchao/share/SillyEcho/lib/libcurl.a(libcurl_la-sendf.o)
                0x0003a268                Curl_recv_has_postponed_data
                0x0003a270                Curl_write
                0x0003a36c                Curl_debug
                0x0003a438                Curl_read
                0x0003a594                Curl_read_plain
                0x0003a70c                Curl_sendf
                0x0003a7f0                Curl_infof
                0x0003a86c                Curl_failf
                0x0003a94c                Curl_client_chop_write
                0x0003aad8                Curl_client_write
                0x0003acb0                Curl_recv_plain
                0x0003ad50                Curl_send_plain
                0x0003ae00                Curl_write_plain
 .text          0x0003ae3c     0x53e8 /home/zengchao/share/SillyEcho/lib/libcurl.a(libcurl_la-url.o)
                0x0003ae3c                Curl_protocol_getsock
                0x0003ae60                Curl_doing_getsock
                0x0003ae94                Curl_protocol_connecting
                0x0003aedc                Curl_protocol_doing
                0x0003af28                Curl_free_request_state
                0x0003b0c0                Curl_init_do
                0x0003b2cc                Curl_verboseconnect
                0x0003b4b4                Curl_parse_login_details
                0x0003d714                Curl_setup_conn
                0x0003d854                Curl_protocol_connect
                0x0003d954                Curl_connected_proxy
                0x0003da54                Curl_removeHandleFromPipeline
                0x0003daa8                Curl_getoff_all_pipelines
                0x0003db5c                Curl_init_userdefined
                0x0003dcc8                Curl_freeset
                0x0003dd80                Curl_open
                0x0003def8                Curl_close
                0x0003e1ac                Curl_disconnect
                0x0003ea7c                Curl_connect
 .text          0x00040224      0x49c /home/zengchao/share/SillyEcho/lib/libcurl.a(libcurl_la-dict.o)
 .text          0x000406c0      0x2e0 /home/zengchao/share/SillyEcho/lib/libcurl.a(libcurl_la-if2ip.o)
                0x000406c0                Curl_ipv6_scope
                0x000407ac                Curl_if2ip
                0x00040918                Curl_if_is_interface_name
 .text          0x000409a0      0x10c /home/zengchao/share/SillyEcho/lib/libcurl.a(libcurl_la-speedcheck.o)
                0x000409a0                Curl_speedcheck
                0x00040a94                Curl_speedinit
 .text          0x00040aac       0xd0 /home/zengchao/share/SillyEcho/lib/libcurl.a(libcurl_la-version.o)
                0x00040aac                curl_version_info
                0x00040ae8                curl_version
                0x00040b68                Curl_version_init
 .text          0x00040b7c       0x40 /home/zengchao/share/SillyEcho/lib/libcurl.a(libcurl_la-getenv.o)
                0x00040b7c                curl_getenv
 .text          0x00040bbc      0x498 /home/zengchao/share/SillyEcho/lib/libcurl.a(libcurl_la-escape.o)
                0x00040bbc                curl_free
                0x00040bdc                Curl_urldecode
                0x00040d48                curl_easy_unescape
                0x00040dd4                curl_unescape
                0x00040dec                curl_easy_escape
                0x00041044                curl_escape
 .text          0x00041054     0x1a30 /home/zengchao/share/SillyEcho/lib/libcurl.a(libcurl_la-mprintf.o)
                0x000411e4                curl_msnprintf
                0x00042768                curl_mvfprintf
                0x0004277c                curl_mvprintf
                0x0004279c                curl_mvsprintf
                0x000427dc                curl_mvaprintf
                0x00042894                curl_mvsnprintf
                0x000428f4                curl_mfprintf
                0x0004292c                curl_mprintf
                0x00042970                curl_msprintf
                0x000429bc                curl_maprintf
 .text          0x00042a84     0x1be4 /home/zengchao/share/SillyEcho/lib/libcurl.a(libcurl_la-telnet.o)
 .text          0x00044668      0x3c8 /home/zengchao/share/SillyEcho/lib/libcurl.a(libcurl_la-netrc.o)
                0x00044668                Curl_parsenetrc
 .text          0x00044a30      0x9a4 /home/zengchao/share/SillyEcho/lib/libcurl.a(libcurl_la-getinfo.o)
                0x00044a30                Curl_initinfo
                0x00044b34                Curl_getinfo
 .text          0x000453d4     0x23bc /home/zengchao/share/SillyEcho/lib/libcurl.a(libcurl_la-transfer.o)
                0x000453d4                Curl_single_getsock
                0x00045474                Curl_init_CONNECT
                0x00045494                Curl_posttransfer
                0x0004549c                Curl_setup_transfer
                0x000455e0                Curl_meets_timecondition
                0x00045824                Curl_follow
                0x00045da0                Curl_fillreadbuffer
                0x00045f90                Curl_pretransfer
                0x000461f4                Curl_readrewind
                0x00046380                Curl_retry_request
                0x000464a0                Curl_readwrite
                0x0004772c                Curl_checkheaders
 .text          0x00047790      0x21c /home/zengchao/share/SillyEcho/lib/libcurl.a(libcurl_la-strcase.o)
                0x00047790                Curl_raw_toupper
                0x000477a4                Curl_strcasecompare
                0x00047868                Curl_safe_strcasecompare
                0x0004788c                Curl_strncasecompare
                0x0004795c                Curl_strntoupper
                0x000479a4                curl_strequal
                0x000479a8                curl_strnequal
 .text          0x000479ac       0xb0 /home/zengchao/share/SillyEcho/lib/libcurl.a(libcurl_la-wildcard.o)
                0x000479ac                Curl_wildcard_dtor
                0x00047a30                Curl_wildcard_init
 .text          0x00047a5c      0x4d0 /home/zengchao/share/SillyEcho/lib/libcurl.a(libcurl_la-http_chunks.o)
                0x00047a5c                Curl_httpchunk_init
                0x00047a70                Curl_chunked_strerror
                0x00047a90                Curl_httpchunk_read
 .text          0x00047f2c      0x234 /home/zengchao/share/SillyEcho/lib/libcurl.a(libcurl_la-llist.o)
                0x00047f2c                Curl_llist_init
                0x00047f44                Curl_llist_insert_next
                0x00047fc4                Curl_llist_remove
                0x00048070                Curl_llist_destroy
                0x000480a8                Curl_llist_count
                0x000480b0                Curl_llist_move
 .text          0x00048160      0x568 /home/zengchao/share/SillyEcho/lib/libcurl.a(libcurl_la-hash.o)
                0x000481b8                Curl_hash_pick
                0x00048240                Curl_hash_str
                0x00048288                Curl_hash_start_iterate
                0x00048298                Curl_hash_next_element
                0x00048330                Curl_str_key_compare
                0x00048364                Curl_hash_clean_with_criterium
                0x00048404                Curl_hash_clean
                0x00048410                Curl_hash_delete
                0x000484b4                Curl_hash_destroy
                0x0004851c                Curl_hash_add
                0x00048618                Curl_hash_init
 .text          0x000486c8      0xd18 /home/zengchao/share/SillyEcho/lib/libcurl.a(libcurl_la-content_encoding.o)
                0x00048888                Curl_unencode_write
                0x000488b8                Curl_unencode_cleanup
                0x00049098                Curl_build_unencoding_stack
                0x00049284                Curl_all_content_encodings
 .text          0x000493e0      0x374 /home/zengchao/share/SillyEcho/lib/libcurl.a(libcurl_la-share.o)
                0x000493e0                Curl_share_lock
                0x00049430                Curl_share_unlock
                0x00049480                curl_share_cleanup
                0x00049548                curl_share_setopt
                0x000496e4                curl_share_init
 .text          0x00049754      0x26c /home/zengchao/share/SillyEcho/lib/libcurl.a(libcurl_la-http_digest.o)
                0x00049754                Curl_digest_cleanup
                0x00049778                Curl_output_digest
                0x00049938                Curl_input_digest
 .text          0x000499c0       0xd4 /home/zengchao/share/SillyEcho/lib/libcurl.a(libcurl_la-strtoofft.o)
                0x000499c0                curlx_strtoofft
 .text          0x00049a94      0x708 /home/zengchao/share/SillyEcho/lib/libcurl.a(libcurl_la-parsedate.o)
                0x00049a94                Curl_gmtime
                0x00049ac4                curl_getdate
 .text          0x0004a19c     0x1820 /home/zengchao/share/SillyEcho/lib/libcurl.a(libcurl_la-tftp.o)
 .text          0x0004b9bc      0xf58 /home/zengchao/share/SillyEcho/lib/libcurl.a(libcurl_la-socks.o)
                0x0004b9bc                Curl_blockread_all
                0x0004ba7c                Curl_SOCKS5
                0x0004c404                Curl_SOCKS4
 .text          0x0004c914       0x48 /home/zengchao/share/SillyEcho/lib/libcurl.a(libcurl_la-curl_memrchr.o)
                0x0004c914                Curl_memrchr
 .text          0x0004c95c     0x2574 /home/zengchao/share/SillyEcho/lib/libcurl.a(libcurl_la-imap.o)
 .text          0x0004eed0     0x121c /home/zengchao/share/SillyEcho/lib/libcurl.a(libcurl_la-pop3.o)
                0x0004f85c                Curl_pop3_write
 .text          0x000500ec     0x172c /home/zengchao/share/SillyEcho/lib/libcurl.a(libcurl_la-smtp.o)
                0x000515e0                Curl_smtp_escape_eob
 .text          0x00051818      0x820 /home/zengchao/share/SillyEcho/lib/libcurl.a(libcurl_la-pingpong.o)
                0x00051818                Curl_pp_getsock
                0x00051844                Curl_pp_disconnect
                0x00051874                Curl_pp_moredata
                0x000518ac                Curl_pp_flushsend
                0x00051950                Curl_pp_init
                0x000519a0                Curl_pp_readresp
                0x00051cf0                Curl_pp_vsendf
                0x00051e3c                Curl_pp_sendf
                0x00051e6c                Curl_pp_state_timeout
                0x00051ef0                Curl_pp_statemach
 .text          0x00052038     0x1020 /home/zengchao/share/SillyEcho/lib/libcurl.a(libcurl_la-rtsp.o)
                0x00052e10                Curl_rtsp_parseheader
                0x00052fec                rtsp_connisdead
 .text          0x00053058      0x168 /home/zengchao/share/SillyEcho/lib/libcurl.a(libcurl_la-curl_threads.o)
                0x00053090                Curl_thread_join
                0x000530e0                Curl_thread_destroy
                0x00053114                Curl_thread_create
 .text          0x000531c0       0x48 /home/zengchao/share/SillyEcho/lib/libcurl.a(libcurl_la-curl_gethostname.o)
                0x000531c0                Curl_gethostname
 .text          0x00053208      0x1f4 /home/zengchao/share/SillyEcho/lib/libcurl.a(libcurl_la-gopher.o)
 .text          0x000533fc      0xa9c /home/zengchao/share/SillyEcho/lib/libcurl.a(libcurl_la-curl_sasl.o)
                0x000533fc                Curl_sasl_cleanup
                0x00053400                Curl_sasl_init
                0x00053430                Curl_sasl_can_authenticate
                0x00053454                Curl_sasl_start
                0x000538a0                Curl_sasl_continue
                0x00053d30                Curl_sasl_decode_mech
                0x00053dfc                Curl_sasl_parse_url_auth_option
 .text          0x00053e98      0x1f4 /home/zengchao/share/SillyEcho/lib/libcurl.a(libcurl_la-rand.o)
                0x00053e98                Curl_rand
                0x00053ffc                Curl_rand_hex
 .text          0x0005408c      0x2c8 /home/zengchao/share/SillyEcho/lib/libcurl.a(libcurl_la-dotdot.o)
                0x0005408c                Curl_dedotdotify
 .text          0x00054354      0x1ac /home/zengchao/share/SillyEcho/lib/libcurl.a(libcurl_la-cleartext.o)
                0x00054354                Curl_auth_create_login_message
                0x000543dc                Curl_auth_create_external_message
                0x000543e0                Curl_auth_create_plain_message
 .text          0x00054500      0x1b8 /home/zengchao/share/SillyEcho/lib/libcurl.a(libcurl_la-cram.o)
                0x00054500                Curl_auth_create_cram_md5_message
                0x00054664                Curl_auth_decode_cram_md5_message
 .text          0x000546b8     0x1638 /home/zengchao/share/SillyEcho/lib/libcurl.a(libcurl_la-digest.o)
                0x000546b8                Curl_auth_digest_get_pair
                0x000547e4                Curl_auth_is_digest_supported
                0x000547ec                Curl_auth_digest_cleanup
                0x00054e1c                Curl_auth_create_digest_http_message
                0x00054f4c                Curl_auth_decode_digest_http_message
                0x000555b8                Curl_auth_create_digest_md5_message
 .text          0x00055cf0       0xdc /home/zengchao/share/SillyEcho/lib/libcurl.a(libcurl_la-oauth2.o)
                0x00055cf0                Curl_auth_create_oauth_bearer_message
 .text          0x00055dcc      0x314 /home/zengchao/share/SillyEcho/lib/libcurl.a(libcurl_la-vtls.o)
                0x00055dcc                Curl_clone_primary_ssl_config
                0x00055f70                Curl_free_primary_ssl_config
                0x00056004                Curl_ssl_backend
                0x0005600c                curl_global_sslset
                0x00056014                Curl_ssl_config_matches
 .text          0x000560e0      0xacc /home/zengchao/share/SillyEcho/lib/libcurl.a(libcurl_la-file.o)
 .text          0x00056bac      0x470 /home/zengchao/share/SillyEcho/lib/libcurl.a(libcurl_la-base64.o)
                0x00056d74                Curl_base64url_encode
                0x00056db4                Curl_base64_encode
                0x00056df4                Curl_base64_decode
 .text          0x0005701c     0x1098 /home/zengchao/share/SillyEcho/lib/libcurl.a(libcurl_la-formdata.o)
                0x00057080                curl_formfree
                0x000571c0                Curl_getformdata
                0x00057514                curl_formget
                0x000575ec                curl_formadd
 .text          0x000580b4     0x5080 /home/zengchao/share/SillyEcho/lib/libcurl.a(libcurl_la-ftp.o)
                0x0005a398                Curl_ftpsend
                0x0005a460                Curl_GetFTPResponse
 .text          0x0005d134       0x6c /home/zengchao/share/SillyEcho/lib/libcurl.a(libcurl_la-fileinfo.o)
                0x0005d134                Curl_fileinfo_alloc
                0x0005d15c                Curl_fileinfo_dtor
 .text          0x0005d1a0     0x1334 /home/zengchao/share/SillyEcho/lib/libcurl.a(libcurl_la-ftplistparser.o)
                0x0005d1a0                Curl_ftp_parselist_data_alloc
                0x0005d1c8                Curl_ftp_parselist_data_free
                0x0005d1f8                Curl_ftp_parselist_geterror
                0x0005d328                Curl_ftp_parselist
 .text          0x0005e4d4     0x10f4 /home/zengchao/share/SillyEcho/lib/libcurl.a(libcurl_la-md5.o)
                0x0005f1b4                Curl_MD5_init
                0x0005f238                Curl_MD5_update
                0x0005f260                Curl_MD5_final
                0x0005f53c                Curl_md5it
 .text          0x0005f5c8      0x240 /home/zengchao/share/SillyEcho/lib/libcurl.a(libcurl_la-hmac.o)
                0x0005f5c8                Curl_HMAC_init
                0x0005f760                Curl_HMAC_update
                0x0005f788                Curl_HMAC_final
 .text          0x0005f808      0x518 /home/zengchao/share/SillyEcho/lib/libcurl.a(libcurl_la-sha256.o)
                0x0005fa40                Curl_sha256it
 .text          0x0005fd20      0x114 /home/zengchao/share/SillyEcho/lib/libcurl.a(libcurl_la-vauth.o)
                0x0005fd20                Curl_auth_user_contains_domain
                0x0005fdb4                Curl_auth_build_spn
 .text          0x0005fe34      0x918 /home/zengchao/share/SillyEcho/lib/libcurl.a(libcurl_la-curl_fnmatch.o)
                0x00060728                Curl_fnmatch
 .text          0x0006074c       0x50 /home/zengchao/share/opt/FriendlyARM/toolschain/4.4.3/bin/../lib/gcc/arm-none-linux-gnueabi/4.4.3/../../../../arm-none-linux-gnueabi/lib/libz.a(zutil.o)
                0x0006074c                zlibVersion
                0x00060758                zlibCompileFlags
                0x00060760                zError
                0x00060774                zcfree
                0x00060788                zcalloc
 .text          0x0006079c     0x2410 /home/zengchao/share/opt/FriendlyARM/toolschain/4.4.3/bin/../lib/gcc/arm-none-linux-gnueabi/4.4.3/../../../../arm-none-linux-gnueabi/lib/libz.a(inflate.o)
                0x0006079c                inflateReset
                0x00060818                inflatePrime
                0x00060874                inflateInit2_
                0x00060984                inflateEnd
                0x000609f0                inflateGetHeader
                0x00060a28                inflateSync
                0x00060c64                inflateSyncPoint
                0x00060ca0                inflateCopy
                0x00060f60                inflateSetDictionary
                0x00061054                inflate
                0x00062ae8                inflateInit_
 .text          0x00062bac      0x9a8 /home/zengchao/share/opt/FriendlyARM/toolschain/4.4.3/bin/../lib/gcc/arm-none-linux-gnueabi/4.4.3/../../../../arm-none-linux-gnueabi/lib/libz.a(inftrees.o)
                0x00062bac                inflate_table
 .text          0x00063554      0xa48 /home/zengchao/share/opt/FriendlyARM/toolschain/4.4.3/bin/../lib/gcc/arm-none-linux-gnueabi/4.4.3/../../../../arm-none-linux-gnueabi/lib/libz.a(inffast.o)
                0x00063554                inflate_fast
 .text          0x00063f9c      0x404 /home/zengchao/share/opt/FriendlyARM/toolschain/4.4.3/bin/../lib/gcc/arm-none-linux-gnueabi/4.4.3/../../../../arm-none-linux-gnueabi/lib/libz.a(adler32.o)
                0x00063f9c                adler32
                0x000642dc                adler32_combine
 .text          0x000643a0      0x968 /home/zengchao/share/opt/FriendlyARM/toolschain/4.4.3/bin/../lib/gcc/arm-none-linux-gnueabi/4.4.3/../../../../arm-none-linux-gnueabi/lib/libz.a(crc32.o)
                0x000643a0                get_crc_table
                0x000643ac                crc32
                0x00064b1c                crc32_combine
 .text          0x00064d08      0x114 /home/zengchao/share/opt/FriendlyARM/toolschain/4.4.3/bin/../lib/gcc/arm-none-linux-gnueabi/4.4.3/libgcc.a(_udivsi3.o)
                0x00064d08                __udivsi3
                0x00064d08                __aeabi_uidiv
                0x00064e04                __aeabi_uidivmod
 .text          0x00064e1c      0x144 /home/zengchao/share/opt/FriendlyARM/toolschain/4.4.3/bin/../lib/gcc/arm-none-linux-gnueabi/4.4.3/libgcc.a(_divsi3.o)
                0x00064e1c                __divsi3
                0x00064e1c                __aeabi_idiv
                0x00064f48                __aeabi_idivmod
 .text          0x00064f60      0x41c /home/zengchao/share/opt/FriendlyARM/toolschain/4.4.3/bin/../lib/gcc/arm-none-linux-gnueabi/4.4.3/libgcc.a(_arm_addsubdf3.o)
                0x00064f60                __aeabi_drsub
                0x00064f68                __subdf3
                0x00064f68                __aeabi_dsub
                0x00064f6c                __adddf3
                0x00064f6c                __aeabi_dadd
                0x0006527c                __aeabi_ui2d
                0x0006527c                __floatunsidf
                0x000652a0                __floatsidf
                0x000652a0                __aeabi_i2d
                0x000652c8                __aeabi_f2d
                0x000652c8                __extendsfdf2
                0x00065308                __floatundidf
                0x00065308                __aeabi_ul2d
                0x0006531c                __floatdidf
                0x0006531c                __aeabi_l2d
 .text          0x0006537c      0x49c /home/zengchao/share/opt/FriendlyARM/toolschain/4.4.3/bin/../lib/gcc/arm-none-linux-gnueabi/4.4.3/libgcc.a(_arm_muldivdf3.o)
                0x0006537c                __muldf3
                0x0006537c                __aeabi_dmul
                0x0006560c                __divdf3
                0x0006560c                __aeabi_ddiv
 .text          0x00065818      0x144 /home/zengchao/share/opt/FriendlyARM/toolschain/4.4.3/bin/../lib/gcc/arm-none-linux-gnueabi/4.4.3/libgcc.a(_arm_cmpdf2.o)
                0x00065818                __gtdf2
                0x00065818                __gedf2
                0x00065820                __ltdf2
                0x00065820                __ledf2
                0x00065828                __cmpdf2
                0x00065828                __nedf2
                0x00065828                __eqdf2
                0x000658b0                __aeabi_cdrcmple
                0x000658cc                __aeabi_cdcmple
                0x000658cc                __aeabi_cdcmpeq
                0x000658e4                __aeabi_dcmpeq
                0x000658fc                __aeabi_dcmplt
                0x00065914                __aeabi_dcmple
                0x0006592c                __aeabi_dcmpge
                0x00065944                __aeabi_dcmpgt
 .text          0x0006595c       0x5c /home/zengchao/share/opt/FriendlyARM/toolschain/4.4.3/bin/../lib/gcc/arm-none-linux-gnueabi/4.4.3/libgcc.a(_arm_fixdfsi.o)
                0x0006595c                __fixdfsi
                0x0006595c                __aeabi_d2iz
 .text          0x000659b8       0x54 /home/zengchao/share/opt/FriendlyARM/toolschain/4.4.3/bin/../lib/gcc/arm-none-linux-gnueabi/4.4.3/libgcc.a(_arm_fixunsdfsi.o)
                0x000659b8                __fixunsdfsi
                0x000659b8                __aeabi_d2uiz
 .text          0x00065a0c       0x1c /home/zengchao/share/opt/FriendlyARM/toolschain/4.4.3/bin/../lib/gcc/arm-none-linux-gnueabi/4.4.3/libgcc.a(_aeabi_ldivmod.o)
                0x00065a0c                __aeabi_ldivmod
 .text          0x00065a28       0x1c /home/zengchao/share/opt/FriendlyARM/toolschain/4.4.3/bin/../lib/gcc/arm-none-linux-gnueabi/4.4.3/libgcc.a(_aeabi_uldivmod.o)
                0x00065a28                __aeabi_uldivmod
 .text          0x00065a44       0x14 /home/zengchao/share/opt/FriendlyARM/toolschain/4.4.3/bin/../lib/gcc/arm-none-linux-gnueabi/4.4.3/libgcc.a(_dvmd_lnx.o)
                0x00065a44                __div0
 .text          0x00065a58       0x5c /home/zengchao/share/opt/FriendlyARM/toolschain/4.4.3/bin/../lib/gcc/arm-none-linux-gnueabi/4.4.3/libgcc.a(_fixdfdi.o)
                0x00065a58                __fixdfdi
                0x00065a58                __aeabi_d2lz
 .text          0x00065ab4       0x70 /home/zengchao/share/opt/FriendlyARM/toolschain/4.4.3/bin/../lib/gcc/arm-none-linux-gnueabi/4.4.3/libgcc.a(_fixunsdfdi.o)
                0x00065ab4                __aeabi_d2ulz
                0x00065ab4                __fixunsdfdi
 .text          0x00065b24       0x90 /home/zengchao/share/opt/FriendlyARM/toolschain/4.4.3/bin/../lib/gcc/arm-none-linux-gnueabi/4.4.3/libgcc.a(bpabi.o)
                0x00065b24                __gnu_uldivmod_helper
                0x00065b6c                __gnu_ldivmod_helper
 .text          0x00065bb4      0x4a0 /home/zengchao/share/opt/FriendlyARM/toolschain/4.4.3/bin/../lib/gcc/arm-none-linux-gnueabi/4.4.3/libgcc.a(_divdi3.o)
                0x00065bb4                __divdi3
 .text          0x00066054      0x42c /home/zengchao/share/opt/FriendlyARM/toolschain/4.4.3/bin/../lib/gcc/arm-none-linux-gnueabi/4.4.3/libgcc.a(_udivdi3.o)
                0x00066054                __udivdi3
 .text          0x00066480       0x48 /home/zengchao/share/opt/FriendlyARM/toolschain/4.4.3/bin/../lib/gcc/arm-none-linux-gnueabi/4.4.3/libgcc.a(_clzsi2.o)
                0x00066480                __clzsi2
 .text          0x000664c8       0x74 /home/zengchao/share/opt/FriendlyARM/toolschain/4.4.3/bin/../arm-none-linux-gnueabi//sys-root/usr/lib/libc_nonshared.a(elf-init.oS)
                0x000664c8                __libc_csu_fini
                0x000664cc                __libc_csu_init
 .text          0x0006653c        0x0 /home/zengchao/share/opt/FriendlyARM/toolschain/4.4.3/bin/../lib/gcc/arm-none-linux-gnueabi/4.4.3/crtend.o
 .text          0x0006653c        0x0 /home/zengchao/share/opt/FriendlyARM/toolschain/4.4.3/bin/../arm-none-linux-gnueabi//sys-root/usr/lib/crtn.o
 *(.gnu.warning)
 *(.glue_7t)
 .glue_7t       0x00000000        0x0 linker stubs
 *(.glue_7)
 .glue_7        0x00000000        0x0 linker stubs
 *(.vfp11_veneer)
 .vfp11_veneer  0x00000000        0x0 linker stubs
 *(.v4_bx)
 .v4_bx         0x00000000        0x0 linker stubs

.fini           0x0006653c        0xc
 *(.fini)
 .fini          0x0006653c        0x4 /home/zengchao/share/opt/FriendlyARM/toolschain/4.4.3/bin/../arm-none-linux-gnueabi//sys-root/usr/lib/crti.o
                0x0006653c                _fini
 .fini          0x00066540        0x8 /home/zengchao/share/opt/FriendlyARM/toolschain/4.4.3/bin/../arm-none-linux-gnueabi//sys-root/usr/lib/crtn.o
                0x00066548                PROVIDE (__etext, .)
                0x00066548                PROVIDE (_etext, .)
                0x00066548                PROVIDE (etext, .)

.rodata         0x00066548     0xcc00
 *(.rodata .rodata.* .gnu.linkonce.r.*)
 .rodata.cst4   0x00066548        0x4 /home/zengchao/share/opt/FriendlyARM/toolschain/4.4.3/bin/../arm-none-linux-gnueabi//sys-root/usr/lib/crt1.o
                0x00066548                _IO_stdin_used
 .rodata        0x0006654c      0x124 /home/zengchao/share/SillyEcho/lib/libsrc.a(main.o)
 .rodata        0x00066670       0xa0 /home/zengchao/share/SillyEcho/lib/libsrc.a(tts.o)
 .rodata        0x00066710      0x28c /home/zengchao/share/SillyEcho/lib/libsrc.a(semantic.o)
 .rodata        0x0006699c       0x30 /home/zengchao/share/SillyEcho/lib/libsrc.a(logconsole.o)
 .rodata        0x000669cc       0x7c /home/zengchao/share/SillyEcho/lib/libsrc.a(log.o)
 .rodata        0x00066a48       0x3c /home/zengchao/share/SillyEcho/lib/libsrc.a(logfile.o)
 .rodata        0x00066a84       0x40 /home/zengchao/share/SillyEcho/lib/libsrc.a(libc.o)
 .rodata        0x00066ac4        0xc /home/zengchao/share/SillyEcho/lib/libsrc.a(thread.o)
 .rodata        0x00066ad0      0x128 /home/zengchao/share/SillyEcho/lib/libsrc.a(sync.o)
 .rodata        0x00066bf8       0x24 /home/zengchao/share/SillyEcho/lib/libsrc.a(spl.o)
 .rodata        0x00066c1c       0xb8 /home/zengchao/share/SillyEcho/lib/libsrc.a(alloc.o)
 .rodata        0x00066cd4      0x23c /home/zengchao/share/SillyEcho/lib/libsrc.a(detect.o)
 .rodata        0x00066f10      0x134 /home/zengchao/share/SillyEcho/lib/libsrc.a(record.o)
 .rodata        0x00067044       0x6c /home/zengchao/share/SillyEcho/lib/libsrc.a(vad.o)
 .rodata        0x000670b0      0x41c /home/zengchao/share/SillyEcho/lib/libsrc.a(iflytek_tts.o)
 .rodata        0x000674cc      0x374 /home/zengchao/share/SillyEcho/lib/libsrc.a(iflytek_semantic.o)
 .rodata        0x00067840       0x1c /home/zengchao/share/SillyEcho/lib/libsrc.a(webrtc_vad.o)
 .rodata        0x0006785c      0x158 /home/zengchao/share/SillyEcho/lib/libsrc.a(vad_core.o)
 .rodata        0x000679b4       0x44 /home/zengchao/share/SillyEcho/lib/libsrc.a(vad_sp.o)
 .rodata        0x000679f8       0x40 /home/zengchao/share/SillyEcho/lib/libsrc.a(encode.o)
 .rodata        0x00067a38       0x44 /home/zengchao/share/SillyEcho/lib/libsrc.a(cJSON.o)
 .rodata        0x00067a7c       0x58 /home/zengchao/share/SillyEcho/lib/libsrc.a(http_post.o)
 .rodata        0x00067ad4        0x8 /home/zengchao/share/SillyEcho/lib/libsrc.a(md5sum.o)
 .rodata        0x00067adc       0xb0 /home/zengchao/share/SillyEcho/lib/libsrc.a(vad_filterbank.o)
 .rodata        0x00067b8c        0xc /home/zengchao/share/SillyEcho/lib/libsrc.a(resample_by_2_internal.o)
 .rodata        0x00067b98      0x800 /home/zengchao/share/SillyEcho/lib/libsrc.a(complex_fft.o)
 .rodata        0x00068398        0x8 /home/zengchao/share/SillyEcho/lib/libsrc.a(vad_gmm.o)
 .rodata        0x000683a0       0x98 /home/zengchao/share/SillyEcho/lib/libsrc.a(resample_fractional.o)
 .rodata        0x00068438      0x2c0 /home/zengchao/share/SillyEcho/lib/libsrc.a(complex_bit_reverse.o)
 .rodata.str1.4
                0x000686f8       0x61 /home/zengchao/share/SillyEcho/lib/libcurl.a(libcurl_la-easy.o)
                                 0x64 (size before relaxing)
 *fill*         0x00068759        0x3 00
 .rodata        0x0006875c        0x8 /home/zengchao/share/SillyEcho/lib/libcurl.a(libcurl_la-connect.o)
 .rodata.str1.4
                0x00068764      0x35c /home/zengchao/share/SillyEcho/lib/libcurl.a(libcurl_la-connect.o)
                                0x360 (size before relaxing)
 .rodata        0x00068ac0       0x54 /home/zengchao/share/SillyEcho/lib/libcurl.a(libcurl_la-multi.o)
 .rodata.str1.4
                0x00068b14      0x212 /home/zengchao/share/SillyEcho/lib/libcurl.a(libcurl_la-multi.o)
                                0x218 (size before relaxing)
 *fill*         0x00068d26        0x2 00
 .rodata        0x00068d28      0x1b0 /home/zengchao/share/SillyEcho/lib/libcurl.a(libcurl_la-strerror.o)
 .rodata.str1.4
                0x00068ed8      0xd50 /home/zengchao/share/SillyEcho/lib/libcurl.a(libcurl_la-strerror.o)
 .rodata        0x00069c28       0x10 /home/zengchao/share/SillyEcho/lib/libcurl.a(libcurl_la-splay.o)
 .rodata.str1.4
                0x00069c38      0x35d /home/zengchao/share/SillyEcho/lib/libcurl.a(libcurl_la-http_proxy.o)
                                0x374 (size before relaxing)
 *fill*         0x00069f95        0x3 00
 .rodata        0x00069f98        0x8 /home/zengchao/share/SillyEcho/lib/libcurl.a(libcurl_la-asyn-thread.o)
 .rodata.str1.4
                0x00069fa0       0x71 /home/zengchao/share/SillyEcho/lib/libcurl.a(libcurl_la-asyn-thread.o)
                                 0x80 (size before relaxing)
 *fill*         0x0006a011        0x3 00
 .rodata.str1.4
                0x0006a014       0x3a /home/zengchao/share/SillyEcho/lib/libcurl.a(libcurl_la-conncache.o)
                                 0x3c (size before relaxing)
 *fill*         0x0006a04e        0x2 00
 .rodata.str1.4
                0x0006a050       0x8f /home/zengchao/share/SillyEcho/lib/libcurl.a(libcurl_la-pipeline.o)
                                 0x90 (size before relaxing)
 *fill*         0x0006a0df        0x1 00
 .rodata        0x0006a0e0      0x1f0 /home/zengchao/share/SillyEcho/lib/libcurl.a(libcurl_la-mime.o)
 .rodata.str1.4
                0x0006a2d0      0x249 /home/zengchao/share/SillyEcho/lib/libcurl.a(libcurl_la-mime.o)
                                0x258 (size before relaxing)
 *fill*         0x0006a519        0x3 00
 .rodata        0x0006a51c       0x2c /home/zengchao/share/SillyEcho/lib/libcurl.a(libcurl_la-setopt.o)
 .rodata.str1.4
                0x0006a548       0x56 /home/zengchao/share/SillyEcho/lib/libcurl.a(libcurl_la-setopt.o)
                                 0x64 (size before relaxing)
 *fill*         0x0006a59e        0x2 00
 .rodata.str1.4
                0x0006a5a0      0x14c /home/zengchao/share/SillyEcho/lib/libcurl.a(libcurl_la-hostip.o)
 .rodata.str1.4
                0x0006a6ec      0x1a2 /home/zengchao/share/SillyEcho/lib/libcurl.a(libcurl_la-progress.o)
                                0x1a8 (size before relaxing)
 *fill*         0x0006a88e        0x2 00
 .rodata.str1.4
                0x0006a890      0x26b /home/zengchao/share/SillyEcho/lib/libcurl.a(libcurl_la-cookie.o)
                                0x2a0 (size before relaxing)
 *fill*         0x0006aafb        0x1 00
 .rodata        0x0006aafc       0x60 /home/zengchao/share/SillyEcho/lib/libcurl.a(libcurl_la-http.o)
                0x0006ab14                Curl_handler_http
 .rodata.str1.4
                0x0006ab5c      0x898 /home/zengchao/share/SillyEcho/lib/libcurl.a(libcurl_la-http.o)
                                0x9cc (size before relaxing)
 .rodata        0x0006b3f4       0x38 /home/zengchao/share/SillyEcho/lib/libcurl.a(libcurl_la-sendf.o)
 .rodata.str1.4
                0x0006b42c       0xbd /home/zengchao/share/SillyEcho/lib/libcurl.a(libcurl_la-sendf.o)
                                 0xc4 (size before relaxing)
 *fill*         0x0006b4e9        0x3 00
 .rodata        0x0006b4ec       0x78 /home/zengchao/share/SillyEcho/lib/libcurl.a(libcurl_la-url.o)
 .rodata.str1.4
                0x0006b564      0x9e6 /home/zengchao/share/SillyEcho/lib/libcurl.a(libcurl_la-url.o)
                                0xa38 (size before relaxing)
 *fill*         0x0006bf4a        0x2 00
 .rodata        0x0006bf4c       0x48 /home/zengchao/share/SillyEcho/lib/libcurl.a(libcurl_la-dict.o)
                0x0006bf4c                Curl_handler_dict
 .rodata.str1.4
                0x0006bf94       0xea /home/zengchao/share/SillyEcho/lib/libcurl.a(libcurl_la-dict.o)
                                 0xfc (size before relaxing)
 *fill*         0x0006c07e        0x2 00
 .rodata.str1.4
                0x0006c080        0x5 /home/zengchao/share/SillyEcho/lib/libcurl.a(libcurl_la-if2ip.o)
                                 0x10 (size before relaxing)
 *fill*         0x0006c085        0x3 00
 .rodata.str1.4
                0x0006c088       0x4d /home/zengchao/share/SillyEcho/lib/libcurl.a(libcurl_la-speedcheck.o)
                                 0x50 (size before relaxing)
 *fill*         0x0006c0d5        0x3 00
 .rodata        0x0006c0d8       0x30 /home/zengchao/share/SillyEcho/lib/libcurl.a(libcurl_la-version.o)
 .rodata.str1.4
                0x0006c108       0x61 /home/zengchao/share/SillyEcho/lib/libcurl.a(libcurl_la-version.o)
                                 0x90 (size before relaxing)
 *fill*         0x0006c169        0x3 00
 .rodata.str1.4
                0x0006c16c        0x7 /home/zengchao/share/SillyEcho/lib/libcurl.a(libcurl_la-escape.o)
                                  0x8 (size before relaxing)
 *fill*         0x0006c173        0x1 00
 .rodata        0x0006c174       0xbc /home/zengchao/share/SillyEcho/lib/libcurl.a(libcurl_la-mprintf.o)
 .rodata.str1.4
                0x0006c230        0x5 /home/zengchao/share/SillyEcho/lib/libcurl.a(libcurl_la-mprintf.o)
                                 0x10 (size before relaxing)
 *fill*         0x0006c235        0x3 00
 .rodata        0x0006c238      0x138 /home/zengchao/share/SillyEcho/lib/libcurl.a(libcurl_la-telnet.o)
                0x0006c328                Curl_handler_telnet
 .rodata.str1.4
                0x0006c370      0x424 /home/zengchao/share/SillyEcho/lib/libcurl.a(libcurl_la-telnet.o)
                                0x448 (size before relaxing)
 .rodata.str1.4
                0x0006c794       0x2d /home/zengchao/share/SillyEcho/lib/libcurl.a(libcurl_la-netrc.o)
                                 0x48 (size before relaxing)
 .rodata.str1.4
                0x00000000        0x4 /home/zengchao/share/SillyEcho/lib/libcurl.a(libcurl_la-getinfo.o)
 *fill*         0x0006c7c1        0x3 00
 .rodata.str1.4
                0x0006c7c4      0x639 /home/zengchao/share/SillyEcho/lib/libcurl.a(libcurl_la-transfer.o)
                                0x6e8 (size before relaxing)
 *fill*         0x0006cdfd        0x3 00
 .rodata        0x0006ce00       0x18 /home/zengchao/share/SillyEcho/lib/libcurl.a(libcurl_la-http_chunks.o)
 .rodata.str1.4
                0x0006ce18       0x8b /home/zengchao/share/SillyEcho/lib/libcurl.a(libcurl_la-http_chunks.o)
                                 0x9c (size before relaxing)
 *fill*         0x0006cea3        0x1 00
 .rodata        0x0006cea4       0x88 /home/zengchao/share/SillyEcho/lib/libcurl.a(libcurl_la-content_encoding.o)
 .rodata.str1.4
                0x0006cf2c      0x10f /home/zengchao/share/SillyEcho/lib/libcurl.a(libcurl_la-content_encoding.o)
                                0x118 (size before relaxing)
 *fill*         0x0006d03b        0x1 00
 .rodata.str1.4
                0x0006d03c       0x25 /home/zengchao/share/SillyEcho/lib/libcurl.a(libcurl_la-http_digest.o)
                                 0x3c (size before relaxing)
 *fill*         0x0006d061        0x3 00
 .rodata        0x0006d064      0x3c8 /home/zengchao/share/SillyEcho/lib/libcurl.a(libcurl_la-parsedate.o)
                0x0006d064                Curl_wkday
                0x0006d09c                Curl_month
 .rodata.str1.4
                0x0006d42c       0xeb /home/zengchao/share/SillyEcho/lib/libcurl.a(libcurl_la-parsedate.o)
                                 0xec (size before relaxing)
 *fill*         0x0006d517        0x1 00
 .rodata        0x0006d518       0x48 /home/zengchao/share/SillyEcho/lib/libcurl.a(libcurl_la-tftp.o)
                0x0006d518                Curl_handler_tftp
 .rodata.str1.4
                0x0006d560      0x441 /home/zengchao/share/SillyEcho/lib/libcurl.a(libcurl_la-tftp.o)
                                0x46c (size before relaxing)
 *fill*         0x0006d9a1        0x3 00
 .rodata.str1.4
                0x0006d9a4      0x99b /home/zengchao/share/SillyEcho/lib/libcurl.a(libcurl_la-socks.o)
                                0x9b8 (size before relaxing)
 *fill*         0x0006e33f        0x1 00
 .rodata        0x0006e340       0x64 /home/zengchao/share/SillyEcho/lib/libcurl.a(libcurl_la-imap.o)
                0x0006e35c                Curl_handler_imap
 .rodata.str1.4
                0x0006e3a4      0x3fe /home/zengchao/share/SillyEcho/lib/libcurl.a(libcurl_la-imap.o)
                                0x434 (size before relaxing)
 *fill*         0x0006e7a2        0x2 00
 .rodata        0x0006e7a4       0x64 /home/zengchao/share/SillyEcho/lib/libcurl.a(libcurl_la-pop3.o)
                0x0006e7c0                Curl_handler_pop3
 .rodata.str1.4
                0x0006e808       0xe4 /home/zengchao/share/SillyEcho/lib/libcurl.a(libcurl_la-pop3.o)
                                0x174 (size before relaxing)
 .rodata        0x0006e8ec       0x64 /home/zengchao/share/SillyEcho/lib/libcurl.a(libcurl_la-smtp.o)
                0x0006e908                Curl_handler_smtp
 .rodata.str1.4
                0x0006e950      0x169 /home/zengchao/share/SillyEcho/lib/libcurl.a(libcurl_la-smtp.o)
                                0x27c (size before relaxing)
 *fill*         0x0006eab9        0x3 00
 .rodata.str1.4
                0x0006eabc       0x8a /home/zengchao/share/SillyEcho/lib/libcurl.a(libcurl_la-pingpong.o)
                                 0x94 (size before relaxing)
 *fill*         0x0006eb46        0x2 00
 .rodata        0x0006eb48       0x48 /home/zengchao/share/SillyEcho/lib/libcurl.a(libcurl_la-rtsp.o)
                0x0006eb48                Curl_handler_rtsp
 .rodata.str1.4
                0x0006eb90      0x3cd /home/zengchao/share/SillyEcho/lib/libcurl.a(libcurl_la-rtsp.o)
                                0x480 (size before relaxing)
 *fill*         0x0006ef5d        0x3 00
 .rodata        0x0006ef60       0x48 /home/zengchao/share/SillyEcho/lib/libcurl.a(libcurl_la-gopher.o)
                0x0006ef60                Curl_handler_gopher
 .rodata.str1.4
                0x0006efa8       0x27 /home/zengchao/share/SillyEcho/lib/libcurl.a(libcurl_la-gopher.o)
                                 0x30 (size before relaxing)
 *fill*         0x0006efcf        0x1 00